Archive member included to satisfy reference by file (symbol)

app/libapp.a(main.c.obj)      (--whole-archive)
zephyr/libzephyr.a(validate_libc.c.obj)
                              (--whole-archive)
zephyr/libzephyr.a(heap.c.obj)
                              (--whole-archive)
zephyr/libzephyr.a(cbprintf_packaged.c.obj)
                              (--whole-archive)
zephyr/libzephyr.a(clock.c.obj)
                              (--whole-archive)
zephyr/libzephyr.a(printk.c.obj)
                              (--whole-archive)
zephyr/libzephyr.a(sem.c.obj)
                              (--whole-archive)
zephyr/libzephyr.a(thread_entry.c.obj)
                              (--whole-archive)
zephyr/libzephyr.a(cbprintf_complete.c.obj)
                              (--whole-archive)
zephyr/libzephyr.a(assert.c.obj)
                              (--whole-archive)
zephyr/libzephyr.a(dec.c.obj)
                              (--whole-archive)
zephyr/libzephyr.a(hex.c.obj)
                              (--whole-archive)
zephyr/libzephyr.a(rb.c.obj)  (--whole-archive)
zephyr/libzephyr.a(timeutil.c.obj)
                              (--whole-archive)
zephyr/libzephyr.a(bitarray.c.obj)
                              (--whole-archive)
zephyr/libzephyr.a(bitmask.c.obj)
                              (--whole-archive)
zephyr/libzephyr.a(onoff.c.obj)
                              (--whole-archive)
zephyr/libzephyr.a(notify.c.obj)
                              (--whole-archive)
zephyr/libzephyr.a(ring_buffer.c.obj)
                              (--whole-archive)
zephyr/libzephyr.a(last_section_id.c.obj)
                              (--whole-archive)
zephyr/libzephyr.a(configs.c.obj)
                              (--whole-archive)
zephyr/libzephyr.a(thread_info.c.obj)
                              (--whole-archive)
zephyr/libzephyr.a(mem_attr.c.obj)
                              (--whole-archive)
zephyr/libzephyr.a(tracing_none.c.obj)
                              (--whole-archive)
zephyr/libzephyr.a(banner.c.obj)
                              (--whole-archive)
zephyr/libzephyr.a(flash_map_partition_manager.c.obj)
                              (--whole-archive)
zephyr/arch/common/libarch__common.a(sw_isr_common.c.obj)
                              (--whole-archive)
zephyr/arch/common/libarch__common.a(init.c.obj)
                              (--whole-archive)
zephyr/arch/common/libarch__common.a(xip.c.obj)
                              (--whole-archive)
zephyr/arch/arch/arm/core/libarch__arm__core.a(fatal.c.obj)
                              (--whole-archive)
zephyr/arch/arch/arm/core/libarch__arm__core.a(nmi.c.obj)
                              (--whole-archive)
zephyr/arch/arch/arm/core/libarch__arm__core.a(nmi_on_reset.S.obj)
                              (--whole-archive)
zephyr/arch/arch/arm/core/libarch__arm__core.a(tls.c.obj)
                              (--whole-archive)
zephyr/arch/arch/arm/core/cortex_m/libarch__arm__core__cortex_m.a(exc_exit.c.obj)
                              (--whole-archive)
zephyr/arch/arch/arm/core/cortex_m/libarch__arm__core__cortex_m.a(fault.c.obj)
                              (--whole-archive)
zephyr/arch/arch/arm/core/cortex_m/libarch__arm__core__cortex_m.a(fault_s.S.obj)
                              (--whole-archive)
zephyr/arch/arch/arm/core/cortex_m/libarch__arm__core__cortex_m.a(fpu.c.obj)
                              (--whole-archive)
zephyr/arch/arch/arm/core/cortex_m/libarch__arm__core__cortex_m.a(reset.S.obj)
                              (--whole-archive)
zephyr/arch/arch/arm/core/cortex_m/libarch__arm__core__cortex_m.a(scb.c.obj)
                              (--whole-archive)
zephyr/arch/arch/arm/core/cortex_m/libarch__arm__core__cortex_m.a(thread_abort.c.obj)
                              (--whole-archive)
zephyr/arch/arch/arm/core/cortex_m/libarch__arm__core__cortex_m.a(vector_table.S.obj)
                              (--whole-archive)
zephyr/arch/arch/arm/core/cortex_m/libarch__arm__core__cortex_m.a(swap_helper.S.obj)
                              (--whole-archive)
zephyr/arch/arch/arm/core/cortex_m/libarch__arm__core__cortex_m.a(irq_manage.c.obj)
                              (--whole-archive)
zephyr/arch/arch/arm/core/cortex_m/libarch__arm__core__cortex_m.a(prep_c.c.obj)
                              (--whole-archive)
zephyr/arch/arch/arm/core/cortex_m/libarch__arm__core__cortex_m.a(thread.c.obj)
                              (--whole-archive)
zephyr/arch/arch/arm/core/cortex_m/libarch__arm__core__cortex_m.a(cpu_idle.c.obj)
                              (--whole-archive)
zephyr/arch/arch/arm/core/cortex_m/libarch__arm__core__cortex_m.a(irq_init.c.obj)
                              (--whole-archive)
zephyr/arch/arch/arm/core/cortex_m/libarch__arm__core__cortex_m.a(isr_wrapper.c.obj)
                              (--whole-archive)
zephyr/arch/arch/arm/core/cortex_m/libarch__arm__core__cortex_m.a(__aeabi_read_tp.S.obj)
                              (--whole-archive)
[...]
Memory Configuration

Name             Origin             Length             Attributes
FLASH            0x0000000000000000 0x0000000000165000 xr
RAM              0x0000000020000000 0x000000000002f000 xw
IDT_LIST         0x00000000ffff7fff 0x0000000000008000 xw
*default*        0x0000000000000000 0xffffffffffffffff

Linker script and memory map

                0x0000000000004c40                vfprintf = __l_vfprintf
                0x0000000000000000                vfscanf = __l_vfscanf
LOAD zephyr/CMakeFiles/zephyr_final.dir/misc/empty_file.c.obj
LOAD zephyr/CMakeFiles/zephyr_final.dir/isr_tables.c.obj
LOAD zephyr/CMakeFiles/offsets.dir/./arch/arm/core/offsets/offsets.c.obj
LOAD app/libapp.a
LOAD zephyr/libzephyr.a
LOAD zephyr/arch/common/libarch__common.a
LOAD zephyr/arch/arch/arm/core/libarch__arm__core.a
LOAD zephyr/arch/arch/arm/core/cortex_m/libarch__arm__core__cortex_m.a
LOAD zephyr/arch/arch/arm/core/cortex_m/cmse/libarch__arm__core__cortex_m__cmse.a
LOAD zephyr/arch/arch/arm/core/mpu/libarch__arm__core__mpu.a
LOAD zephyr/lib/libc/picolibc/liblib__libc__picolibc.a
LOAD zephyr/lib/libc/common/liblib__libc__common.a
LOAD zephyr/soc/soc/nrf54l15/libsoc__nordic.a
LOAD zephyr/drivers/cache/libdrivers__cache.a
LOAD zephyr/drivers/clock_control/libdrivers__clock_control.a
LOAD zephyr/drivers/console/libdrivers__console.a
LOAD zephyr/drivers/gpio/libdrivers__gpio.a
LOAD zephyr/drivers/pinctrl/libdrivers__pinctrl.a
LOAD zephyr/drivers/serial/libdrivers__serial.a
LOAD zephyr/drivers/timer/libdrivers__timer.a
LOAD modules/nrf/subsys/nrf_security/src/zephyr/libmbedtls_zephyr.a
LOAD modules/hal_nordic/modules/hal_nordic/nrfx/libmodules__hal_nordic__nrfx.a
LOAD zephyr/kernel/libkernel.a
LOAD modules/nrf/subsys/nrf_security/src/libmbedcrypto.a
LOAD modules/nrf/subsys/nrf_security/src/core/nrf_oberon/libpsa_core.a
LOAD modules/nrf/subsys/nrf_security/src/drivers/cracen/libcracen_psa_driver.a
LOAD modules/nrf/subsys/nrf_security/src/libmbedcrypto_base.a
LOAD modules/nrf/subsys/nrf_security/src/libnrf_security_utils.a
LOAD zephyr/kernel/libkernel.a
LOAD zephyr/arch/common/libisr_tables.a
LOAD f:\back_git\mcu_git\atel-tracker.dalimcu\sdks\ncs\toolchains\66cdf9b75e\opt\zephyr-sdk\arm-zephyr-eabi\bin\../lib/gcc/../../picolibc/arm-zephyr-eabi/lib/thumb/v8-m.main/nofp\libc.a
LOAD f:/back_git/mcu_git/atel-tracker.dalimcu/sdks/ncs/toolchains/66cdf9b75e/opt/zephyr-sdk/arm-zephyr-eabi/bin/../lib/gcc/arm-zephyr-eabi/12.2.0/thumb/v8-m.main/nofp\libgcc.a
                0x0000000000000020                _region_min_align = 0x20

.rel.plt        0x0000000000000000        0x0
 *(SORT_BY_ALIGNMENT(.rel.plt))
                [!provide]                        PROVIDE (__rel_iplt_start = .)
 *(SORT_BY_ALIGNMENT(.rel.iplt))
 .rel.iplt      0x0000000000000000        0x0 zephyr/CMakeFiles/zephyr_final.dir/isr_tables.c.obj
                [!provide]                        PROVIDE (__rel_iplt_end = .)

.rela.plt       0x0000000000000000        0x0
 *(SORT_BY_ALIGNMENT(.rela.plt))
                [!provide]                        PROVIDE (__rela_iplt_start = .)
 *(SORT_BY_ALIGNMENT(.rela.iplt))
                [!provide]                        PROVIDE (__rela_iplt_end = .)

.rel.dyn
 *(SORT_BY_ALIGNMENT(.rel.*))

.rela.dyn
 *(SORT_BY_ALIGNMENT(.rela.*))

/DISCARD/
 *(SORT_BY_ALIGNMENT(.plt))

/DISCARD/
 *(SORT_BY_ALIGNMENT(.iplt))
                0x0000000000000000                __rom_region_start = 0x0

rom_start       0x0000000000000000      0x47c
                0x0000000000000000                __rom_start_address = .
 FILL mask 0x00
                0x0000000000000000                . = (. + (0x0 - (. - __rom_start_address)))
                0x0000000000000000                . = ALIGN (0x4)
                0x0000000000000000                . = ALIGN (0x80)
                0x0000000000000000                . = ALIGN (0x800)
                0x0000000000000000                _vector_start = .
 *(SORT_BY_ALIGNMENT(.exc_vector_table))
 *(SORT_BY_ALIGNMENT(.exc_vector_table.*))
 .exc_vector_table._vector_table_section
                0x0000000000000000       0x40 zephyr/arch/arch/arm/core/cortex_m/libarch__arm__core__cortex_m.a(vector_table.S.obj)
                0x0000000000000000                _vector_table
 *(SORT_BY_ALIGNMENT(.vectors))
                0x000000000000047c                _vector_end = .
                0x0000000000000040                . = ALIGN (0x4)
 *(SORT_BY_ALIGNMENT(.gnu.linkonce.irq_vector_table*))
 .gnu.linkonce.irq_vector_table
                0x0000000000000040      0x43c zephyr/CMakeFiles/zephyr_final.dir/isr_tables.c.obj
                0x0000000000000040                _irq_vector_table
                0x000000000000047c                _vector_end = .

text            0x000000000000047c     0x6164
                0x000000000000047c                __text_region_start = .
 *(SORT_BY_ALIGNMENT(.text))
 .text          0x000000000000047c       0x30 f:/back_git/mcu_git/atel-tracker.dalimcu/sdks/ncs/toolchains/66cdf9b75e/opt/zephyr-sdk/arm-zephyr-eabi/bin/../lib/gcc/arm-zephyr-eabi/12.2.0/thumb/v8-m.main/nofp\libgcc.a(_aeabi_uldivmod.o)
                0x000000000000047c                __aeabi_uldivmod
 .text          0x00000000000004ac        0x4 f:/back_git/mcu_git/atel-tracker.dalimcu/sdks/ncs/toolchains/66cdf9b75e/opt/zephyr-sdk/arm-zephyr-eabi/bin/../lib/gcc/arm-zephyr-eabi/12.2.0/thumb/v8-m.main/nofp\libgcc.a(_dvmd_tls.o)
                0x00000000000004ac                __aeabi_idiv0
                0x00000000000004ac                __aeabi_ldiv0
 .text          0x00000000000004b0      0x29c f:/back_git/mcu_git/atel-tracker.dalimcu/sdks/ncs/toolchains/66cdf9b75e/opt/zephyr-sdk/arm-zephyr-eabi/bin/../lib/gcc/arm-zephyr-eabi/12.2.0/thumb/v8-m.main/nofp\libgcc.a(_udivmoddi4.o)
                0x00000000000004b0                __udivmoddi4
 *(SORT_BY_ALIGNMENT(.text.*))
 .text.char_out
                0x000000000000074c        0xc zephyr/libzephyr.a(printk.c.obj)
 .text.__printk_hook_install
                0x0000000000000758        0xc zephyr/libzephyr.a(printk.c.obj)
                0x0000000000000758                __printk_hook_install
 .text.vprintk  0x0000000000000764       0x30 zephyr/libzephyr.a(printk.c.obj)
                0x0000000000000764                vprintk
 .text.z_thread_entry
                0x0000000000000794       0x34 zephyr/libzephyr.a(thread_entry.c.obj)
                0x0000000000000794                z_thread_entry
 .text.process_event
                0x00000000000007c8      0x21c zephyr/libzephyr.a(onoff.c.obj)
 .text.mem_attr_get_regions
                0x00000000000009e4        0xc zephyr/libzephyr.a(mem_attr.c.obj)
                0x00000000000009e4                mem_attr_get_regions
 .text.boot_banner
                0x00000000000009f0       0x1c zephyr/libzephyr.a(banner.c.obj)
                0x00000000000009f0                boot_banner
 .text.arch_bss_zero
                0x0000000000000a0c       0x18 zephyr/arch/common/libarch__common.a(init.c.obj)
                0x0000000000000a0c                arch_bss_zero
 .text.arch_data_copy
                0x0000000000000a24       0x38 zephyr/arch/common/libarch__common.a(xip.c.obj)
                0x0000000000000a24                arch_data_copy
 .text.z_arm_fatal_error
                0x0000000000000a5c       0x60 zephyr/arch/arch/arm/core/libarch__arm__core.a(fatal.c.obj)
                0x0000000000000a5c                z_arm_fatal_error
 .text.z_SysNmiOnReset
                0x0000000000000abc        0x8 zephyr/arch/arch/arm/core/libarch__arm__core.a(nmi_on_reset.S.obj)
                0x0000000000000abc                z_SysNmiOnReset
 .text.arch_tls_stack_setup
                0x0000000000000ac4       0x40 zephyr/arch/arch/arm/core/libarch__arm__core.a(tls.c.obj)
                0x0000000000000ac4                arch_tls_stack_setup
 .text._HandlerModeExit
                0x0000000000000b04       0x20 zephyr/arch/arch/arm/core/cortex_m/libarch__arm__core__cortex_m.a(exc_exit.c.obj)
                0x0000000000000b04                z_arm_int_exit
                0x0000000000000b04                z_arm_exc_exit
 .text.usage_fault.constprop.0
                0x0000000000000b24       0xa8 zephyr/arch/arch/arm/core/cortex_m/libarch__arm__core__cortex_m.a(fault.c.obj)
 .text.bus_fault.constprop.0
                0x0000000000000bcc       0xb8 zephyr/arch/arch/arm/core/cortex_m/libarch__arm__core__cortex_m.a(fault.c.obj)
 .text.mem_manage_fault.constprop.0
                0x0000000000000c84       0xbc zephyr/arch/arch/arm/core/cortex_m/libarch__arm__core__cortex_m.a(fault.c.obj)
 .text.z_arm_fault
                0x0000000000000d40      0x1a0 zephyr/arch/arch/arm/core/cortex_m/libarch__arm__core__cortex_m.a(fault.c.obj)
                0x0000000000000d40                z_arm_fault
 .text.z_arm_fault_init
                0x0000000000000ee0       0x20 zephyr/arch/arch/arm/core/cortex_m/libarch__arm__core__cortex_m.a(fault.c.obj)
                0x0000000000000ee0                z_arm_fault_init
 .text.__fault  0x0000000000000f00       0x14 zephyr/arch/arch/arm/core/cortex_m/libarch__arm__core__cortex_m.a(fault_s.S.obj)
                0x0000000000000f00                z_arm_usage_fault
                0x0000000000000f00                z_arm_mpu_fault
                0x0000000000000f00                z_arm_exc_spurious
                0x0000000000000f00                z_arm_debug_monitor
                0x0000000000000f00                z_arm_hard_fault
                0x0000000000000f00                z_arm_bus_fault
 .text._reset_section
                0x0000000000000f14       0x68 zephyr/arch/arch/arm/core/cortex_m/libarch__arm__core__cortex_m.a(reset.S.obj)
                0x0000000000000f14                __start
                0x0000000000000f14                z_arm_reset
 .text.z_arm_clear_arm_mpu_config
                0x0000000000000f7c       0x24 zephyr/arch/arch/arm/core/cortex_m/libarch__arm__core__cortex_m.a(scb.c.obj)
                0x0000000000000f7c                z_arm_clear_arm_mpu_config
 .text.z_arm_init_arch_hw_at_boot
                0x0000000000000fa0       0x4c zephyr/arch/arch/arm/core/cortex_m/libarch__arm__core__cortex_m.a(scb.c.obj)
                0x0000000000000fa0                z_arm_init_arch_hw_at_boot
 .text.z_impl_k_thread_abort
                0x0000000000000fec       0x2c zephyr/arch/arch/arm/core/cortex_m/libarch__arm__core__cortex_m.a(thread_abort.c.obj)
                0x0000000000000fec                z_impl_k_thread_abort
 .text.z_arm_pendsv
                0x0000000000001018       0x68 zephyr/arch/arch/arm/core/cortex_m/libarch__arm__core__cortex_m.a(swap_helper.S.obj)
                0x0000000000001018                z_arm_pendsv
 .text.z_arm_svc
                0x0000000000001080       0x24 zephyr/arch/arch/arm/core/cortex_m/libarch__arm__core__cortex_m.a(swap_helper.S.obj)
                0x0000000000001080                z_arm_svc
 .text.arm_irq_enable
                0x00000000000010a4       0x1c zephyr/arch/arch/arm/core/cortex_m/libarch__arm__core__cortex_m.a(irq_manage.c.obj)
                0x00000000000010a4                arm_irq_enable
 .text.arm_irq_disable
                0x00000000000010c0       0x28 zephyr/arch/arch/arm/core/cortex_m/libarch__arm__core__cortex_m.a(irq_manage.c.obj)
                0x00000000000010c0                arm_irq_disable
 .text.arm_irq_is_enabled
                0x00000000000010e8       0x1c zephyr/arch/arch/arm/core/cortex_m/libarch__arm__core__cortex_m.a(irq_manage.c.obj)
                0x00000000000010e8                arm_irq_is_enabled
 .text.arm_irq_priority_set
                0x0000000000001104       0x2c zephyr/arch/arch/arm/core/cortex_m/libarch__arm__core__cortex_m.a(irq_manage.c.obj)
                0x0000000000001104                arm_irq_priority_set
 .text.relocate_vector_table
                0x0000000000001130       0x1c zephyr/arch/arch/arm/core/cortex_m/libarch__arm__core__cortex_m.a(prep_c.c.obj)
                0x0000000000001130                relocate_vector_table
 .text.z_prep_c
                0x000000000000114c       0x28 zephyr/arch/arch/arm/core/cortex_m/libarch__arm__core__cortex_m.a(prep_c.c.obj)
                0x000000000000114c                z_prep_c
 .text.arch_new_thread
                0x0000000000001174       0x38 zephyr/arch/arch/arm/core/cortex_m/libarch__arm__core__cortex_m.a(thread.c.obj)
                0x0000000000001174                arch_new_thread
 .text.arch_switch_to_main_thread
                0x00000000000011ac       0x44 zephyr/arch/arch/arm/core/cortex_m/libarch__arm__core__cortex_m.a(thread.c.obj)
                0x00000000000011ac                arch_switch_to_main_thread
 .text.z_arm_cpu_idle_init
                0x00000000000011f0        0xc zephyr/arch/arch/arm/core/cortex_m/libarch__arm__core__cortex_m.a(cpu_idle.c.obj)
                0x00000000000011f0                z_arm_cpu_idle_init
 .text.z_arm_interrupt_init
                0x00000000000011fc       0x20 zephyr/arch/arch/arm/core/cortex_m/libarch__arm__core__cortex_m.a(irq_init.c.obj)
                0x00000000000011fc                z_arm_interrupt_init
 .text._isr_wrapper
                0x000000000000121c       0x24 zephyr/arch/arch/arm/core/cortex_m/libarch__arm__core__cortex_m.a(isr_wrapper.c.obj)
                0x000000000000121c                _isr_wrapper
 .text.z_arm_configure_static_mpu_regions
                0x0000000000001240       0x38 zephyr/arch/arch/arm/core/mpu/libarch__arm__core__mpu.a(arm_core_mpu.c.obj)
                0x0000000000001240                z_arm_configure_static_mpu_regions
 .text.region_init
                0x0000000000001278       0x34 zephyr/arch/arch/arm/core/mpu/libarch__arm__core__mpu.a(arm_mpu.c.obj)
 .text.region_allocate_and_init
                0x00000000000012ac       0x24 zephyr/arch/arch/arm/core/mpu/libarch__arm__core__mpu.a(arm_mpu.c.obj)
 .text.mpu_configure_regions_and_partition.constprop.0
                0x00000000000012d0      0x148 zephyr/arch/arch/arm/core/mpu/libarch__arm__core__mpu.a(arm_mpu.c.obj)
 .text.arm_core_mpu_enable
                0x0000000000001418       0x18 zephyr/arch/arch/arm/core/mpu/libarch__arm__core__mpu.a(arm_mpu.c.obj)
                0x0000000000001418                arm_core_mpu_enable
 .text.arm_core_mpu_disable
                0x0000000000001430       0x14 zephyr/arch/arch/arm/core/mpu/libarch__arm__core__mpu.a(arm_mpu.c.obj)
                0x0000000000001430                arm_core_mpu_disable
 .text.arm_core_mpu_configure_static_mpu_regions
                0x0000000000001444       0x14 zephyr/arch/arch/arm/core/mpu/libarch__arm__core__mpu.a(arm_mpu.c.obj)
                0x0000000000001444                arm_core_mpu_configure_static_mpu_regions
 .text.arm_core_mpu_mark_areas_for_dynamic_regions
                0x0000000000001458       0xb8 zephyr/arch/arch/arm/core/mpu/libarch__arm__core__mpu.a(arm_mpu.c.obj)
                0x0000000000001458                arm_core_mpu_mark_areas_for_dynamic_regions
 .text.z_arm_mpu_init
                0x0000000000001510      0x11c zephyr/arch/arch/arm/core/mpu/libarch__arm__core__mpu.a(arm_mpu.c.obj)
                0x0000000000001510                z_arm_mpu_init
 .text.z_impl_zephyr_fputc
                0x000000000000162c       0x10 zephyr/lib/libc/picolibc/liblib__libc__picolibc.a(stdio.c.obj)
                0x000000000000162c                z_impl_zephyr_fputc
 .text.__stdout_hook_install
                0x000000000000163c       0x18 zephyr/lib/libc/picolibc/liblib__libc__picolibc.a(stdio.c.obj)
                0x000000000000163c                __stdout_hook_install
 .text.malloc_prepare
                0x0000000000001654       0x24 zephyr/lib/libc/common/liblib__libc__common.a(malloc.c.obj)
 .text.nordicsemi_nrf54l_init
                0x0000000000001678       0xa4 zephyr/soc/soc/nrf54l15/libsoc__nordic.a(soc.c.obj)
                0x0000000000001678                nordicsemi_nrf54l_init
 .text.arch_busy_wait
                0x000000000000171c       0x24 zephyr/soc/soc/nrf54l15/libsoc__nordic.a(soc.c.obj)
                0x000000000000171c                arch_busy_wait
 .text.cache_instr_enable
                0x0000000000001740       0x10 zephyr/drivers/cache/libdrivers__cache.a(cache_nrf.c.obj)
                0x0000000000001740                cache_instr_enable
 .text.onoff_stop
                0x0000000000001750       0x30 zephyr/drivers/clock_control/libdrivers__clock_control.a(clock_control_nrf.c.obj)
 .text.onoff_start
                0x0000000000001780       0x44 zephyr/drivers/clock_control/libdrivers__clock_control.a(clock_control_nrf.c.obj)
 .text.clk_init
                0x00000000000017c4       0x58 zephyr/drivers/clock_control/libdrivers__clock_control.a(clock_control_nrf.c.obj)
 .text.api_blocking_start
                0x000000000000181c       0x34 zephyr/drivers/clock_control/libdrivers__clock_control.a(clock_control_nrf.c.obj)
 .text.generic_hfclk_stop
                0x0000000000001850       0x34 zephyr/drivers/clock_control/libdrivers__clock_control.a(clock_control_nrf.c.obj)
 .text.clkstarted_handle.constprop.0
                0x0000000000001884       0x4c zephyr/drivers/clock_control/libdrivers__clock_control.a(clock_control_nrf.c.obj)
 .text.generic_hfclk_start
                0x00000000000018d0       0x78 zephyr/drivers/clock_control/libdrivers__clock_control.a(clock_control_nrf.c.obj)
 .text.z_nrf_clock_control_lf_on
                0x0000000000001948       0xf4 zephyr/drivers/clock_control/libdrivers__clock_control.a(clock_control_nrf.c.obj)
                0x0000000000001948                z_nrf_clock_control_lf_on
 .text.uart_console_init
                0x0000000000001a3c       0x28 zephyr/drivers/console/libdrivers__console.a(uart_console.c.obj)
 .text.console_out
                0x0000000000001a64       0x28 zephyr/drivers/console/libdrivers__console.a(uart_console.c.obj)
 .text.gpio_nrfx_pin_configure
                0x0000000000001a8c      0x17c zephyr/drivers/gpio/libdrivers__gpio.a(gpio_nrfx.c.obj)
 .text.nrfx_gpio_handler
                0x0000000000001c08       0x58 zephyr/drivers/gpio/libdrivers__gpio.a(gpio_nrfx.c.obj)
 .text.gpio_nrfx_init
                0x0000000000001c60       0x48 zephyr/drivers/gpio/libdrivers__gpio.a(gpio_nrfx.c.obj)
 .text.gpio_nrfx_pin_interrupt_configure
                0x0000000000001ca8       0xfc zephyr/drivers/gpio/libdrivers__gpio.a(gpio_nrfx.c.obj)
 .text.nrf_gpio_pin_port_decode
                0x0000000000001da4       0x20 zephyr/drivers/pinctrl/libdrivers__pinctrl.a(pinctrl_nrf.c.obj)
 .text.pinctrl_configure_pins
                0x0000000000001dc4      0x180 zephyr/drivers/pinctrl/libdrivers__pinctrl.a(pinctrl_nrf.c.obj)
                0x0000000000001dc4                pinctrl_configure_pins
 .text.uarte_nrfx_poll_out
                0x0000000000001f44       0xb4 zephyr/drivers/serial/libdrivers__serial.a(uart_nrfx_uarte.c.obj)
 .text.sys_clock_timeout_handler
                0x0000000000001ff8       0x44 zephyr/drivers/timer/libdrivers__timer.a(nrf_grtc_timer.c.obj)
 .text.sys_clock_driver_init
                0x000000000000203c       0x88 zephyr/drivers/timer/libdrivers__timer.a(nrf_grtc_timer.c.obj)
 .text.sys_clock_elapsed
                0x00000000000020c4       0x28 zephyr/drivers/timer/libdrivers__timer.a(nrf_grtc_timer.c.obj)
                0x00000000000020c4                sys_clock_elapsed
 .text.sys_clock_set_timeout
                0x00000000000020ec       0xa0 zephyr/drivers/timer/libdrivers__timer.a(nrf_grtc_timer.c.obj)
                0x00000000000020ec                sys_clock_set_timeout
 .text.nrf54l_errata_31
                0x000000000000218c       0x20 modules/hal_nordic/modules/hal_nordic/nrfx/libmodules__hal_nordic__nrfx.a(system_nrf54l.c.obj)
 .text.nrf54l_handle_approtect_signal
                0x00000000000021ac       0x34 modules/hal_nordic/modules/hal_nordic/nrfx/libmodules__hal_nordic__nrfx.a(system_nrf54l.c.obj)
 .text.SystemInit
                0x00000000000021e0      0x124 modules/hal_nordic/modules/hal_nordic/nrfx/libmodules__hal_nordic__nrfx.a(system_nrf54l.c.obj)
                0x00000000000021e0                SystemInit
 .text.xo_event_handler
                0x0000000000002304        0xc modules/hal_nordic/modules/hal_nordic/nrfx/libmodules__hal_nordic__nrfx.a(nrfx_clock.c.obj)
 .text.nrfx_clock_init
                0x0000000000002310       0x40 modules/hal_nordic/modules/hal_nordic/nrfx/libmodules__hal_nordic__nrfx.a(nrfx_clock.c.obj)
                0x0000000000002310                nrfx_clock_init
 .text.nrfx_clock_enable
                0x0000000000002350       0x24 modules/hal_nordic/modules/hal_nordic/nrfx/libmodules__hal_nordic__nrfx.a(nrfx_clock.c.obj)
                0x0000000000002350                nrfx_clock_enable
 .text.clock_stop
                0x0000000000002374       0x34 modules/hal_nordic/modules/hal_nordic/nrfx/libmodules__hal_nordic__nrfx.a(nrfx_clock_lfclk.c.obj)
 .text.nrfx_clock_lfclk_init
                0x00000000000023a8       0x24 modules/hal_nordic/modules/hal_nordic/nrfx/libmodules__hal_nordic__nrfx.a(nrfx_clock_lfclk.c.obj)
                0x00000000000023a8                nrfx_clock_lfclk_init
 .text.nrfx_clock_lfclk_start
                0x00000000000023cc       0x80 modules/hal_nordic/modules/hal_nordic/nrfx/libmodules__hal_nordic__nrfx.a(nrfx_clock_lfclk.c.obj)
                0x00000000000023cc                nrfx_clock_lfclk_start
 .text.nrfx_clock_lfclk_irq_handler
                0x000000000000244c       0x70 modules/hal_nordic/modules/hal_nordic/nrfx/libmodules__hal_nordic__nrfx.a(nrfx_clock_lfclk.c.obj)
                0x000000000000244c                nrfx_clock_lfclk_irq_handler
 .text.clock_stop
                0x00000000000024bc       0x54 modules/hal_nordic/modules/hal_nordic/nrfx/libmodules__hal_nordic__nrfx.a(nrfx_clock_xo.c.obj)
 .text.nrfx_clock_xo_init
                0x0000000000002510       0x1c modules/hal_nordic/modules/hal_nordic/nrfx/libmodules__hal_nordic__nrfx.a(nrfx_clock_xo.c.obj)
                0x0000000000002510                nrfx_clock_xo_init
 .text.nrfx_clock_xo_start
                0x000000000000252c       0x68 modules/hal_nordic/modules/hal_nordic/nrfx/libmodules__hal_nordic__nrfx.a(nrfx_clock_xo.c.obj)
                0x000000000000252c                nrfx_clock_xo_start
 .text.nrfx_clock_xo_irq_handler
                0x0000000000002594       0x74 modules/hal_nordic/modules/hal_nordic/nrfx/libmodules__hal_nordic__nrfx.a(nrfx_clock_xo.c.obj)
                0x0000000000002594                nrfx_clock_xo_irq_handler
 .text.nrf_gpio_pin_port_decode
                0x0000000000002608       0x20 modules/hal_nordic/modules/hal_nordic/nrfx/libmodules__hal_nordic__nrfx.a(nrfx_gpiote.c.obj)
 .text.get_pin_idx
                0x0000000000002628       0x14 modules/hal_nordic/modules/hal_nordic/nrfx/libmodules__hal_nordic__nrfx.a(nrfx_gpiote.c.obj)
 .text.latch_pending_read_and_check
                0x000000000000263c       0x58 modules/hal_nordic/modules/hal_nordic/nrfx/libmodules__hal_nordic__nrfx.a(nrfx_gpiote.c.obj)
 .text.pin_uninit
                0x0000000000002694       0x7c modules/hal_nordic/modules/hal_nordic/nrfx/libmodules__hal_nordic__nrfx.a(nrfx_gpiote.c.obj)
 .text.nrfx_gpiote_output_configure
                0x0000000000002710       0xf4 modules/hal_nordic/modules/hal_nordic/nrfx/libmodules__hal_nordic__nrfx.a(nrfx_gpiote.c.obj)
                0x0000000000002710                nrfx_gpiote_output_configure
 .text.nrfx_gpiote_init
                0x0000000000002804       0x70 modules/hal_nordic/modules/hal_nordic/nrfx/libmodules__hal_nordic__nrfx.a(nrfx_gpiote.c.obj)
                0x0000000000002804                nrfx_gpiote_init
 .text.nrfx_gpiote_channel_free
                0x0000000000002874       0x14 modules/hal_nordic/modules/hal_nordic/nrfx/libmodules__hal_nordic__nrfx.a(nrfx_gpiote.c.obj)
                0x0000000000002874                nrfx_gpiote_channel_free
 .text.nrfx_gpiote_channel_alloc
                0x0000000000002888       0x20 modules/hal_nordic/modules/hal_nordic/nrfx/libmodules__hal_nordic__nrfx.a(nrfx_gpiote.c.obj)
                0x0000000000002888                nrfx_gpiote_channel_alloc
 .text.nrfx_gpiote_irq_handler
                0x00000000000028a8      0x1d4 modules/hal_nordic/modules/hal_nordic/nrfx/libmodules__hal_nordic__nrfx.a(nrfx_gpiote.c.obj)
                0x00000000000028a8                nrfx_gpiote_irq_handler
 .text.sleep_configure
                0x0000000000002a7c       0x24 modules/hal_nordic/modules/hal_nordic/nrfx/libmodules__hal_nordic__nrfx.a(nrfx_grtc.c.obj)
 .text.nrfx_grtc_syscounter_get
                0x0000000000002aa0       0x20 modules/hal_nordic/modules/hal_nordic/nrfx/libmodules__hal_nordic__nrfx.a(nrfx_grtc.c.obj)
                0x0000000000002aa0                nrfx_grtc_syscounter_get
 .text.nrfx_grtc_channel_callback_set
                0x0000000000002ac0       0x2c modules/hal_nordic/modules/hal_nordic/nrfx/libmodules__hal_nordic__nrfx.a(nrfx_grtc.c.obj)
                0x0000000000002ac0                nrfx_grtc_channel_callback_set
 .text.nrfx_grtc_init
                0x0000000000002aec      0x118 modules/hal_nordic/modules/hal_nordic/nrfx/libmodules__hal_nordic__nrfx.a(nrfx_grtc.c.obj)
                0x0000000000002aec                nrfx_grtc_init
 .text.nrfx_grtc_syscounter_start
                0x0000000000002c04       0xc0 modules/hal_nordic/modules/hal_nordic/nrfx/libmodules__hal_nordic__nrfx.a(nrfx_grtc.c.obj)
                0x0000000000002c04                nrfx_grtc_syscounter_start
 .text.nrfx_grtc_syscounter_cc_abs_set
                0x0000000000002cc4       0x70 modules/hal_nordic/modules/hal_nordic/nrfx/libmodules__hal_nordic__nrfx.a(nrfx_grtc.c.obj)
                0x0000000000002cc4                nrfx_grtc_syscounter_cc_abs_set
 .text.nrfx_grtc_syscounter_cc_rel_set
                0x0000000000002d34       0x40 modules/hal_nordic/modules/hal_nordic/nrfx/libmodules__hal_nordic__nrfx.a(nrfx_grtc.c.obj)
                0x0000000000002d34                nrfx_grtc_syscounter_cc_rel_set
 .text.GRTC_2_IRQHandler
                0x0000000000002d74       0xb0 modules/hal_nordic/modules/hal_nordic/nrfx/libmodules__hal_nordic__nrfx.a(nrfx_grtc.c.obj)
                0x0000000000002d74                GRTC_2_IRQHandler
 .text.__nrfy_internal_rramc_config_set.constprop.0.isra.0
                0x0000000000002e24       0x18 modules/hal_nordic/modules/hal_nordic/nrfx/libmodules__hal_nordic__nrfx.a(nrfx_rramc.c.obj)
 .text.z_fatal_error
                0x0000000000002e3c       0x30 zephyr/kernel/libkernel.a(fatal.c.obj)
                0x0000000000002e3c                z_fatal_error
 .text.z_sys_init_run_level
                0x0000000000002e6c       0x30 zephyr/kernel/libkernel.a(init.c.obj)
 .text.bg_thread_main
                0x0000000000002e9c       0xc0 zephyr/kernel/libkernel.a(init.c.obj)
 .text.z_init_cpu
                0x0000000000002f5c       0x70 zephyr/kernel/libkernel.a(init.c.obj)
                0x0000000000002f5c                z_init_cpu
 .text.z_cstart
                0x0000000000002fcc       0xcc zephyr/kernel/libkernel.a(init.c.obj)
                0x0000000000002fcc                z_cstart
 .text.z_impl_k_mutex_lock
                0x0000000000003098       0xf0 zephyr/kernel/libkernel.a(mutex.c.obj)
                0x0000000000003098                z_impl_k_mutex_lock
 .text.z_impl_k_mutex_unlock
                0x0000000000003188       0xa0 zephyr/kernel/libkernel.a(mutex.c.obj)
                0x0000000000003188                z_impl_k_mutex_unlock
 .text.z_impl_k_sem_give
                0x0000000000003228       0x68 zephyr/kernel/libkernel.a(sem.c.obj)
                0x0000000000003228                z_impl_k_sem_give
 .text.z_impl_k_sem_take
                0x0000000000003290       0x4c zephyr/kernel/libkernel.a(sem.c.obj)
                0x0000000000003290                z_impl_k_sem_take
 .text.z_setup_new_thread
                0x00000000000032dc       0xd0 zephyr/kernel/libkernel.a(thread.c.obj)
                0x00000000000032dc                z_setup_new_thread
 .text.z_dummy_thread_init
                0x00000000000033ac       0x1c zephyr/kernel/libkernel.a(thread.c.obj)
                0x00000000000033ac                z_dummy_thread_init
 .text.z_swap_irqlock
                0x00000000000033c8       0x34 zephyr/kernel/libkernel.a(sched.c.obj)
 .text.ready_thread
                0x00000000000033fc       0x84 zephyr/kernel/libkernel.a(sched.c.obj)
 .text.unready_thread
                0x0000000000003480       0x54 zephyr/kernel/libkernel.a(sched.c.obj)
 .text.add_thread_timeout
                0x00000000000034d4       0x1c zephyr/kernel/libkernel.a(sched.c.obj)
 .text.move_thread_to_end_of_prio_q
                0x00000000000034f0       0x90 zephyr/kernel/libkernel.a(sched.c.obj)
                0x00000000000034f0                move_thread_to_end_of_prio_q
 .text.z_pend_curr
                0x0000000000003580       0x44 zephyr/kernel/libkernel.a(sched.c.obj)
                0x0000000000003580                z_pend_curr
 .text.z_thread_prio_set
                0x00000000000035c4       0xe4 zephyr/kernel/libkernel.a(sched.c.obj)
                0x00000000000035c4                z_thread_prio_set
 .text.z_reschedule
                0x00000000000036a8       0x24 zephyr/kernel/libkernel.a(sched.c.obj)
                0x00000000000036a8                z_reschedule
 .text.z_reschedule_irqlock
                0x00000000000036cc       0x28 zephyr/kernel/libkernel.a(sched.c.obj)
                0x00000000000036cc                z_reschedule_irqlock
 .text.k_sched_lock
                0x00000000000036f4       0x28 zephyr/kernel/libkernel.a(sched.c.obj)
                0x00000000000036f4                k_sched_lock
 .text.k_sched_unlock
                0x000000000000371c       0x68 zephyr/kernel/libkernel.a(sched.c.obj)
                0x000000000000371c                k_sched_unlock
 .text.z_sched_init
                0x0000000000003784       0x10 zephyr/kernel/libkernel.a(sched.c.obj)
                0x0000000000003784                z_sched_init
 .text.z_impl_k_yield
                0x0000000000003794       0x88 zephyr/kernel/libkernel.a(sched.c.obj)
                0x0000000000003794                z_impl_k_yield
 .text.z_tick_sleep
                0x000000000000381c       0x78 zephyr/kernel/libkernel.a(sched.c.obj)
 .text.z_impl_k_sleep
                0x0000000000003894       0x5c zephyr/kernel/libkernel.a(sched.c.obj)
                0x0000000000003894                z_impl_k_sleep
 .text.z_impl_k_wakeup
                0x00000000000038f0       0x48 zephyr/kernel/libkernel.a(sched.c.obj)
                0x00000000000038f0                z_impl_k_wakeup
 .text.z_impl_k_sched_current_thread_query
                0x0000000000003938        0xc zephyr/kernel/libkernel.a(sched.c.obj)
                0x0000000000003938                z_impl_k_sched_current_thread_query
 .text.z_thread_abort
                0x0000000000003944      0x144 zephyr/kernel/libkernel.a(sched.c.obj)
                0x0000000000003944                z_thread_abort
 .text.slice_timeout
                0x0000000000003a88       0x20 zephyr/kernel/libkernel.a(timeslicing.c.obj)
 .text.thread_is_sliceable
                0x0000000000003aa8       0x3c zephyr/kernel/libkernel.a(timeslicing.c.obj)
                0x0000000000003aa8                thread_is_sliceable
 .text.z_reset_time_slice
                0x0000000000003ae4       0x50 zephyr/kernel/libkernel.a(timeslicing.c.obj)
                0x0000000000003ae4                z_reset_time_slice
 .text.z_time_slice
                0x0000000000003b34       0x60 zephyr/kernel/libkernel.a(timeslicing.c.obj)
                0x0000000000003b34                z_time_slice
 .text.z_thread_monitor_exit
                0x0000000000003b94       0x44 zephyr/kernel/libkernel.a(thread_monitor.c.obj)
                0x0000000000003b94                z_thread_monitor_exit
 .text.first    0x0000000000003bd8       0x10 zephyr/kernel/libkernel.a(timeout.c.obj)
 .text.elapsed  0x0000000000003be8       0x14 zephyr/kernel/libkernel.a(timeout.c.obj)
 .text.remove_timeout
                0x0000000000003bfc       0x38 zephyr/kernel/libkernel.a(timeout.c.obj)
 .text.z_add_timeout
                0x0000000000003c34      0x120 zephyr/kernel/libkernel.a(timeout.c.obj)
                0x0000000000003c34                z_add_timeout
 .text.sys_clock_announce
                0x0000000000003d54       0xbc zephyr/kernel/libkernel.a(timeout.c.obj)
                0x0000000000003d54                sys_clock_announce
 .text.sys_clock_tick_get
                0x0000000000003e10       0x30 zephyr/kernel/libkernel.a(timeout.c.obj)
                0x0000000000003e10                sys_clock_tick_get
 .text.psa_get_initialized
                0x0000000000003e40       0x4c modules/nrf/subsys/nrf_security/src/core/nrf_oberon/libpsa_core.a(psa_crypto.c.obj)
 .text.mbedtls_psa_crypto_free
                0x0000000000003e8c       0x90 modules/nrf/subsys/nrf_security/src/core/nrf_oberon/libpsa_core.a(psa_crypto.c.obj)
                0x0000000000003e8c                mbedtls_psa_crypto_free
 .text.psa_crypto_init
                0x0000000000003f1c      0x104 modules/nrf/subsys/nrf_security/src/core/nrf_oberon/libpsa_core.a(psa_crypto.c.obj)
                0x0000000000003f1c                psa_crypto_init
 .text.psa_initialize_key_slots
                0x0000000000004020       0x10 modules/nrf/subsys/nrf_security/src/core/nrf_oberon/libpsa_core.a(psa_crypto_slot_management.c.obj)
                0x0000000000004020                psa_initialize_key_slots
 .text.psa_wipe_all_key_slots
                0x0000000000004030       0x34 modules/nrf/subsys/nrf_security/src/core/nrf_oberon/libpsa_core.a(psa_crypto_slot_management.c.obj)
                0x0000000000004030                psa_wipe_all_key_slots
 .text.mbedtls_free
                0x0000000000004064        0xc modules/nrf/subsys/nrf_security/src/core/nrf_oberon/libpsa_core.a(platform.c.obj)
                0x0000000000004064                mbedtls_free
 .text.mbedtls_platform_zeroize
                0x0000000000004070       0x18 modules/nrf/subsys/nrf_security/src/core/nrf_oberon/libpsa_core.a(platform_util.c.obj)
                0x0000000000004070                mbedtls_platform_zeroize
 .text.cracen_acquire
                0x0000000000004088       0x40 modules/nrf/subsys/nrf_security/src/drivers/cracen/libcracen_psa_driver.a(cracen.c.obj)
                0x0000000000004088                cracen_acquire
 .text.cracen_release
                0x00000000000040c8       0x6c modules/nrf/subsys/nrf_security/src/drivers/cracen/libcracen_psa_driver.a(cracen.c.obj)
                0x00000000000040c8                cracen_release
 .text.cracen_init
                0x0000000000004134       0x4c modules/nrf/subsys/nrf_security/src/drivers/cracen/libcracen_psa_driver.a(cracen.c.obj)
                0x0000000000004134                cracen_init
 .text.ctr_drbg_update
                0x0000000000004180       0x9c modules/nrf/subsys/nrf_security/src/drivers/cracen/libcracen_psa_driver.a(ctr_drbg.c.obj)
 .text.cracen_init_random
                0x000000000000421c       0x74 modules/nrf/subsys/nrf_security/src/drivers/cracen/libcracen_psa_driver.a(ctr_drbg.c.obj)
                0x000000000000421c                cracen_init_random
 .text.cracen_get_random
                0x0000000000004290      0x110 modules/nrf/subsys/nrf_security/src/drivers/cracen/libcracen_psa_driver.a(ctr_drbg.c.obj)
                0x0000000000004290                cracen_get_random
 .text.lib_kmu_clear_all_events
                0x00000000000043a0       0x24 modules/nrf/subsys/nrf_security/src/drivers/cracen/libcracen_psa_driver.a(lib_kmu.c.obj)
                0x00000000000043a0                lib_kmu_clear_all_events
 .text.trigger_task_and_wait_for_event_or_error
                0x00000000000043c4       0x54 modules/nrf/subsys/nrf_security/src/drivers/cracen/libcracen_psa_driver.a(lib_kmu.c.obj)
 .text.lib_kmu_provision_slot
                0x0000000000004418       0x3c modules/nrf/subsys/nrf_security/src/drivers/cracen/libcracen_psa_driver.a(lib_kmu.c.obj)
                0x0000000000004418                lib_kmu_provision_slot
 .text.lib_kmu_push_slot
                0x0000000000004454       0x1c modules/nrf/subsys/nrf_security/src/drivers/cracen/libcracen_psa_driver.a(lib_kmu.c.obj)
                0x0000000000004454                lib_kmu_push_slot
 .text.lib_kmu_revoke_slot
                0x0000000000004470       0x34 modules/nrf/subsys/nrf_security/src/drivers/cracen/libcracen_psa_driver.a(lib_kmu.c.obj)
                0x0000000000004470                lib_kmu_revoke_slot
 .text.lib_kmu_read_metadata
                0x00000000000044a4       0x30 modules/nrf/subsys/nrf_security/src/drivers/cracen/libcracen_psa_driver.a(lib_kmu.c.obj)
                0x00000000000044a4                lib_kmu_read_metadata
 .text.cracen_kmu_provision
                0x00000000000044d4      0x250 modules/nrf/subsys/nrf_security/src/drivers/cracen/libcracen_psa_driver.a(kmu.c.obj)
                0x00000000000044d4                cracen_kmu_provision
 .text.cracen_provision_prot_ram_inv_slots
                0x0000000000004724       0x7c modules/nrf/subsys/nrf_security/src/drivers/cracen/libcracen_psa_driver.a(kmu.c.obj)
                0x0000000000004724                cracen_provision_prot_ram_inv_slots
 .text.sx_blkcipher_ecb_simple
                0x00000000000047a0       0xb8 modules/nrf/subsys/nrf_security/src/drivers/cracen/libcracen_psa_driver.a(blkcipher.c.obj)
                0x00000000000047a0                sx_blkcipher_ecb_simple
 .text.sx_trng_flush
                0x0000000000004858       0x30 modules/nrf/subsys/nrf_security/src/drivers/cracen/libcracen_psa_driver.a(trng.c.obj)
 .text.sx_trng_restart
                0x0000000000004888       0x28 modules/nrf/subsys/nrf_security/src/drivers/cracen/libcracen_psa_driver.a(trng.c.obj)
                0x0000000000004888                sx_trng_restart
 .text.sx_trng_open
                0x00000000000048b0       0xa4 modules/nrf/subsys/nrf_security/src/drivers/cracen/libcracen_psa_driver.a(trng.c.obj)
                0x00000000000048b0                sx_trng_open
 .text.sx_trng_get
                0x0000000000004954       0xd4 modules/nrf/subsys/nrf_security/src/drivers/cracen/libcracen_psa_driver.a(trng.c.obj)
                0x0000000000004954                sx_trng_get
 .text.sx_hw_reserve
                0x0000000000004a28       0x54 modules/nrf/subsys/nrf_security/src/drivers/cracen/libcracen_psa_driver.a(cmdma_hw.c.obj)
                0x0000000000004a28                sx_hw_reserve
 .text.sx_cmdma_release_hw
                0x0000000000004a7c       0x30 modules/nrf/subsys/nrf_security/src/drivers/cracen/libcracen_psa_driver.a(cmdma_hw.c.obj)
                0x0000000000004a7c                sx_cmdma_release_hw
 .text.cracen_isr_handler
                0x0000000000004aac       0x68 modules/nrf/subsys/nrf_security/src/drivers/cracen/libcracen_psa_driver.a(interrupts.c.obj)
                0x0000000000004aac                cracen_isr_handler
 .text.cracen_interrupts_init
                0x0000000000004b14       0x28 modules/nrf/subsys/nrf_security/src/drivers/cracen/libcracen_psa_driver.a(interrupts.c.obj)
                0x0000000000004b14                cracen_interrupts_init
 .text.cracen_wait_for_cm_interrupt
                0x0000000000004b3c       0x30 modules/nrf/subsys/nrf_security/src/drivers/cracen/libcracen_psa_driver.a(interrupts.c.obj)
                0x0000000000004b3c                cracen_wait_for_cm_interrupt
 .text.sx_pk_fetch_capabilities
                0x0000000000004b6c       0x24 modules/nrf/subsys/nrf_security/src/drivers/cracen/libcracen_psa_driver.a(pk_baremetal.c.obj)
                0x0000000000004b6c                sx_pk_fetch_capabilities
 .text.sx_pk_init
                0x0000000000004b90       0x3c modules/nrf/subsys/nrf_security/src/drivers/cracen/libcracen_psa_driver.a(pk_baremetal.c.obj)
                0x0000000000004b90                sx_pk_init
 .text.sx_get_current_req
                0x0000000000004bcc        0x8 modules/nrf/subsys/nrf_security/src/drivers/cracen/libcracen_psa_driver.a(pk_baremetal.c.obj)
                0x0000000000004bcc                sx_get_current_req
 .text.k_event_post_internal
                0x0000000000004bd4       0x6c zephyr/kernel/libkernel.a(events.c.obj)
 .text.__l_vfprintf
                0x0000000000004c40      0x4b4 f:\back_git\mcu_git\atel-tracker.dalimcu\sdks\ncs\toolchains\66cdf9b75e\opt\zephyr-sdk\arm-zephyr-eabi\bin\../lib/gcc/../../picolibc/arm-zephyr-eabi/lib/thumb/v8-m.main/nofp\libc.a(libc_tinystdio_vflprintf.c.o)
                0x0000000000004c40                __l_vfprintf
 .text._OffsetAbsSyms
                0x00000000000050f4        0x2 zephyr/CMakeFiles/offsets.dir/./arch/arm/core/offsets/offsets.c.obj
                0x00000000000050f4                _OffsetAbsSyms
 .text.main     0x00000000000050f6        0x4 app/libapp.a(main.c.obj)
                0x00000000000050f6                main
 .text.chunk_field
                0x00000000000050fa       0x16 zephyr/libzephyr.a(heap.c.obj)
 .text.chunk_set
                0x0000000000005110       0x16 zephyr/libzephyr.a(heap.c.obj)
 .text.chunk_size
                0x0000000000005126        0xc zephyr/libzephyr.a(heap.c.obj)
 .text.set_chunk_used
                0x0000000000005132       0x30 zephyr/libzephyr.a(heap.c.obj)
 .text.set_chunk_size
                0x0000000000005162        0x8 zephyr/libzephyr.a(heap.c.obj)
 .text.bucket_idx
                0x000000000000516a       0x1e zephyr/libzephyr.a(heap.c.obj)
 .text.free_list_add
                0x0000000000005188       0x84 zephyr/libzephyr.a(heap.c.obj)
 .text.sys_heap_init
                0x000000000000520c       0xb0 zephyr/libzephyr.a(heap.c.obj)
                0x000000000000520c                sys_heap_init
 .text.arch_printk_char_out
                0x00000000000052bc        0x4 zephyr/libzephyr.a(printk.c.obj)
                0x00000000000052bc                arch_printk_char_out
 .text.printk   0x00000000000052c0       0x1a zephyr/libzephyr.a(printk.c.obj)
                0x00000000000052c0                printk
 .text.process_recheck
                0x00000000000052da       0x38 zephyr/libzephyr.a(onoff.c.obj)
 .text.validate_args
                0x0000000000005312       0x20 zephyr/libzephyr.a(onoff.c.obj)
 .text.notify_one
                0x0000000000005332       0x2c zephyr/libzephyr.a(onoff.c.obj)
 .text.transition_complete
                0x000000000000535e       0x1a zephyr/libzephyr.a(onoff.c.obj)
 .text.onoff_manager_init
                0x0000000000005378       0x26 zephyr/libzephyr.a(onoff.c.obj)
                0x0000000000005378                onoff_manager_init
 .text.onoff_request
                0x000000000000539e       0xae zephyr/libzephyr.a(onoff.c.obj)
                0x000000000000539e                onoff_request
 .text.sys_notify_validate
                0x000000000000544c       0x22 zephyr/libzephyr.a(notify.c.obj)
                0x000000000000544c                sys_notify_validate
 .text.sys_notify_finalize
                0x000000000000546e       0x1a zephyr/libzephyr.a(notify.c.obj)
                0x000000000000546e                sys_notify_finalize
 .text._ConfigAbsSyms
                0x0000000000005488        0x2 zephyr/libzephyr.a(configs.c.obj)
                0x0000000000005488                _ConfigAbsSyms
 .text.arch_early_memset
                0x000000000000548a        0x4 zephyr/arch/common/libarch__common.a(init.c.obj)
                0x000000000000548a                arch_early_memset
 .text.arch_early_memcpy
                0x000000000000548e        0x4 zephyr/arch/common/libarch__common.a(init.c.obj)
                0x000000000000548e                arch_early_memcpy
 .text.z_do_kernel_oops
                0x0000000000005492        0x8 zephyr/arch/arch/arm/core/libarch__arm__core.a(fatal.c.obj)
                0x0000000000005492                z_do_kernel_oops
 .text.z_arm_nmi
                0x000000000000549a        0xe zephyr/arch/arch/arm/core/libarch__arm__core.a(nmi.c.obj)
                0x000000000000549a                z_arm_nmi
 .text.z_irq_spurious
                0x00000000000054a8        0x8 zephyr/arch/arch/arm/core/cortex_m/libarch__arm__core__cortex_m.a(irq_manage.c.obj)
                0x00000000000054a8                z_irq_spurious
 .text.configure_builtin_stack_guard
                0x00000000000054b0        0xa zephyr/arch/arch/arm/core/cortex_m/libarch__arm__core__cortex_m.a(thread.c.obj)
                0x00000000000054b0                configure_builtin_stack_guard
 .text.arch_coprocessors_disable
                0x00000000000054ba        0x6 zephyr/arch/arch/arm/core/cortex_m/libarch__arm__core__cortex_m.a(thread.c.obj)
                0x00000000000054ba                arch_coprocessors_disable
 .text.arch_irq_unlock_outlined
                0x00000000000054c0        0xe zephyr/arch/arch/arm/core/cortex_m/libarch__arm__core__cortex_m.a(thread.c.obj)
                0x00000000000054c0                arch_irq_unlock_outlined
 .text.arch_cpu_idle
                0x00000000000054ce       0x1a zephyr/arch/arch/arm/core/cortex_m/libarch__arm__core__cortex_m.a(cpu_idle.c.obj)
                0x00000000000054ce                arch_cpu_idle
 .text.arch_cpu_atomic_idle
                0x00000000000054e8       0x1e zephyr/arch/arch/arm/core/cortex_m/libarch__arm__core__cortex_m.a(cpu_idle.c.obj)
                0x00000000000054e8                arch_cpu_atomic_idle
 .text.arm_cmse_mpu_region_get
                0x0000000000005506       0x12 zephyr/arch/arch/arm/core/cortex_m/cmse/libarch__arm__core__cortex_m__cmse.a(arm_core_cmse.c.obj)
                0x0000000000005506                arm_cmse_mpu_region_get
 .text.mpu_configure_region
                0x0000000000005518       0x32 zephyr/arch/arch/arm/core/mpu/libarch__arm__core__mpu.a(arm_mpu.c.obj)
 .text.picolibc_put
                0x000000000000554a        0xa zephyr/lib/libc/picolibc/liblib__libc__picolibc.a(stdio.c.obj)
 .text.get_status
                0x0000000000005554       0x12 zephyr/drivers/clock_control/libdrivers__clock_control.a(clock_control_nrf.c.obj)
 .text.stop     0x0000000000005566       0x52 zephyr/drivers/clock_control/libdrivers__clock_control.a(clock_control_nrf.c.obj)
 .text.api_stop
                0x00000000000055b8        0x6 zephyr/drivers/clock_control/libdrivers__clock_control.a(clock_control_nrf.c.obj)
 .text.async_start
                0x00000000000055be       0x5c zephyr/drivers/clock_control/libdrivers__clock_control.a(clock_control_nrf.c.obj)
 .text.api_start
                0x000000000000561a        0xe zephyr/drivers/clock_control/libdrivers__clock_control.a(clock_control_nrf.c.obj)
 .text.onoff_started_callback
                0x0000000000005628       0x12 zephyr/drivers/clock_control/libdrivers__clock_control.a(clock_control_nrf.c.obj)
 .text.blocking_start_callback
                0x000000000000563a        0x6 zephyr/drivers/clock_control/libdrivers__clock_control.a(clock_control_nrf.c.obj)
 .text.lfclk_stop
                0x0000000000005640        0x4 zephyr/drivers/clock_control/libdrivers__clock_control.a(clock_control_nrf.c.obj)
 .text.lfclk_start
                0x0000000000005644        0x4 zephyr/drivers/clock_control/libdrivers__clock_control.a(clock_control_nrf.c.obj)
 .text.clock_event_handler
                0x0000000000005648       0x14 zephyr/drivers/clock_control/libdrivers__clock_control.a(clock_control_nrf.c.obj)
 .text.gpio_nrfx_port_get_raw
                0x000000000000565c        0xc zephyr/drivers/gpio/libdrivers__gpio.a(gpio_nrfx.c.obj)
 .text.gpio_nrfx_port_set_masked_raw
                0x0000000000005668       0x14 zephyr/drivers/gpio/libdrivers__gpio.a(gpio_nrfx.c.obj)
 .text.gpio_nrfx_port_set_bits_raw
                0x000000000000567c        0xa zephyr/drivers/gpio/libdrivers__gpio.a(gpio_nrfx.c.obj)
 .text.gpio_nrfx_port_clear_bits_raw
                0x0000000000005686        0xa zephyr/drivers/gpio/libdrivers__gpio.a(gpio_nrfx.c.obj)
 .text.gpio_nrfx_port_toggle_bits
                0x0000000000005690       0x14 zephyr/drivers/gpio/libdrivers__gpio.a(gpio_nrfx.c.obj)
 .text.gpio_nrfx_manage_callback
                0x00000000000056a4       0x52 zephyr/drivers/gpio/libdrivers__gpio.a(gpio_nrfx.c.obj)
 .text.gpio_nrfx_gpiote_irq_handler
                0x00000000000056f6        0x4 zephyr/drivers/gpio/libdrivers__gpio.a(gpio_nrfx.c.obj)
                0x00000000000056f6                gpio_nrfx_gpiote_irq_handler
 .text.pinctrl_lookup_state
                0x00000000000056fa       0x26 zephyr/drivers/pinctrl/libdrivers__pinctrl.a(common.c.obj)
                0x00000000000056fa                pinctrl_lookup_state
 .text.uarte_nrfx_isr_int
                0x0000000000005720        0xa zephyr/drivers/serial/libdrivers__serial.a(uart_nrfx_uarte.c.obj)
 .text.uarte_nrfx_err_check
                0x000000000000572a        0xe zephyr/drivers/serial/libdrivers__serial.a(uart_nrfx_uarte.c.obj)
 .text.uarte_nrfx_poll_in
                0x0000000000005738       0x26 zephyr/drivers/serial/libdrivers__serial.a(uart_nrfx_uarte.c.obj)
 .text.pinctrl_apply_state.isra.0
                0x000000000000575e       0x1e zephyr/drivers/serial/libdrivers__serial.a(uart_nrfx_uarte.c.obj)
 .text.uarte_instance_deinit
                0x000000000000577c        0x6 zephyr/drivers/serial/libdrivers__serial.a(uart_nrfx_uarte.c.obj)
 .text.uarte_20_init
                0x0000000000005782       0xb4 zephyr/drivers/serial/libdrivers__serial.a(uart_nrfx_uarte.c.obj)
 .text.grtc_post_init
                0x0000000000005836        0xc zephyr/drivers/timer/libdrivers__timer.a(nrf_grtc_timer.c.obj)
 .text._psa_crypto_init
                0x0000000000005842       0x1e modules/nrf/subsys/nrf_security/src/zephyr/libmbedtls_zephyr.a(psa_crypto_init.c.obj)
 .text.nrfx_isr
                0x0000000000005860        0x6 modules/hal_nordic/modules/hal_nordic/nrfx/libmodules__hal_nordic__nrfx.a(nrfx_glue.c.obj)
                0x0000000000005860                nrfx_isr
 .text.nrfx_busy_wait
                0x0000000000005866        0x4 modules/hal_nordic/modules/hal_nordic/nrfx/libmodules__hal_nordic__nrfx.a(nrfx_glue.c.obj)
                0x0000000000005866                nrfx_busy_wait
 .text.nrfx_flag32_alloc
                0x000000000000586a       0x34 modules/hal_nordic/modules/hal_nordic/nrfx/libmodules__hal_nordic__nrfx.a(nrfx_flag32_allocator.c.obj)
                0x000000000000586a                nrfx_flag32_alloc
 .text.nrfx_flag32_free
                0x000000000000589e       0x32 modules/hal_nordic/modules/hal_nordic/nrfx/libmodules__hal_nordic__nrfx.a(nrfx_flag32_allocator.c.obj)
                0x000000000000589e                nrfx_flag32_free
 .text.lfclk_event_handler
                0x00000000000058d0        0x4 modules/hal_nordic/modules/hal_nordic/nrfx/libmodules__hal_nordic__nrfx.a(nrfx_clock.c.obj)
 .text.nrfx_clock_start
                0x00000000000058d4       0x10 modules/hal_nordic/modules/hal_nordic/nrfx/libmodules__hal_nordic__nrfx.a(nrfx_clock.c.obj)
                0x00000000000058d4                nrfx_clock_start
 .text.nrfx_clock_stop
                0x00000000000058e4       0x10 modules/hal_nordic/modules/hal_nordic/nrfx/libmodules__hal_nordic__nrfx.a(nrfx_clock.c.obj)
                0x00000000000058e4                nrfx_clock_stop
 .text.CLOCK_POWER_IRQHandler
                0x00000000000058f4        0xe modules/hal_nordic/modules/hal_nordic/nrfx/libmodules__hal_nordic__nrfx.a(nrfx_clock.c.obj)
                0x00000000000058f4                CLOCK_POWER_IRQHandler
 .text.nrfx_clock_lfclk_stop
                0x0000000000005902        0x4 modules/hal_nordic/modules/hal_nordic/nrfx/libmodules__hal_nordic__nrfx.a(nrfx_clock_lfclk.c.obj)
                0x0000000000005902                nrfx_clock_lfclk_stop
 .text.nrfx_clock_xo_stop
                0x0000000000005906        0x4 modules/hal_nordic/modules/hal_nordic/nrfx/libmodules__hal_nordic__nrfx.a(nrfx_clock_xo.c.obj)
                0x0000000000005906                nrfx_clock_xo_stop
 .text.nrf_gpio_reconfigure
                0x000000000000590a       0x92 modules/hal_nordic/modules/hal_nordic/nrfx/libmodules__hal_nordic__nrfx.a(nrfx_gpiote.c.obj)
 .text.nrf_gpio_cfg_sense_set
                0x000000000000599c       0x1e modules/hal_nordic/modules/hal_nordic/nrfx/libmodules__hal_nordic__nrfx.a(nrfx_gpiote.c.obj)
 .text.pin_in_use_by_te
                0x00000000000059ba       0x16 modules/hal_nordic/modules/hal_nordic/nrfx/libmodules__hal_nordic__nrfx.a(nrfx_gpiote.c.obj)
 .text.pin_is_output
                0x00000000000059d0       0x16 modules/hal_nordic/modules/hal_nordic/nrfx/libmodules__hal_nordic__nrfx.a(nrfx_gpiote.c.obj)
 .text.pin_te_get
                0x00000000000059e6       0x14 modules/hal_nordic/modules/hal_nordic/nrfx/libmodules__hal_nordic__nrfx.a(nrfx_gpiote.c.obj)
 .text.call_handler
                0x00000000000059fa       0x3e modules/hal_nordic/modules/hal_nordic/nrfx/libmodules__hal_nordic__nrfx.a(nrfx_gpiote.c.obj)
 .text.release_handler
                0x0000000000005a38       0x54 modules/hal_nordic/modules/hal_nordic/nrfx/libmodules__hal_nordic__nrfx.a(nrfx_gpiote.c.obj)
 .text.__nrfy_internal_gpiote_events_process
                0x0000000000005a8c       0x4e modules/hal_nordic/modules/hal_nordic/nrfx/libmodules__hal_nordic__nrfx.a(nrfx_gpiote.c.obj)
 .text.pin_trigger_disable
                0x0000000000005ada       0x46 modules/hal_nordic/modules/hal_nordic/nrfx/libmodules__hal_nordic__nrfx.a(nrfx_gpiote.c.obj)
 .text.nrfx_gpiote_input_configure
                0x0000000000005b20      0x172 modules/hal_nordic/modules/hal_nordic/nrfx/libmodules__hal_nordic__nrfx.a(nrfx_gpiote.c.obj)
                0x0000000000005b20                nrfx_gpiote_input_configure
 .text.nrfx_gpiote_global_callback_set
                0x0000000000005c92        0x6 modules/hal_nordic/modules/hal_nordic/nrfx/libmodules__hal_nordic__nrfx.a(nrfx_gpiote.c.obj)
                0x0000000000005c92                nrfx_gpiote_global_callback_set
 .text.nrfx_gpiote_channel_get
                0x0000000000005c98       0x26 modules/hal_nordic/modules/hal_nordic/nrfx/libmodules__hal_nordic__nrfx.a(nrfx_gpiote.c.obj)
                0x0000000000005c98                nrfx_gpiote_channel_get
 .text.nrfx_gpiote_init_check
                0x0000000000005cbe        0xc modules/hal_nordic/modules/hal_nordic/nrfx/libmodules__hal_nordic__nrfx.a(nrfx_gpiote.c.obj)
                0x0000000000005cbe                nrfx_gpiote_init_check
 .text.nrfx_gpiote_pin_uninit
                0x0000000000005cca        0x4 modules/hal_nordic/modules/hal_nordic/nrfx/libmodules__hal_nordic__nrfx.a(nrfx_gpiote.c.obj)
                0x0000000000005cca                nrfx_gpiote_pin_uninit
 .text.nrfx_gpiote_trigger_enable
                0x0000000000005cce       0xa4 modules/hal_nordic/modules/hal_nordic/nrfx/libmodules__hal_nordic__nrfx.a(nrfx_gpiote.c.obj)
                0x0000000000005cce                nrfx_gpiote_trigger_enable
 .text.nrfx_gpiote_trigger_disable
                0x0000000000005d72        0x4 modules/hal_nordic/modules/hal_nordic/nrfx/libmodules__hal_nordic__nrfx.a(nrfx_gpiote.c.obj)
                0x0000000000005d72                nrfx_gpiote_trigger_disable
 .text.nrfx_rramc_write_enable_set
                0x0000000000005d76        0x6 modules/hal_nordic/modules/hal_nordic/nrfx/libmodules__hal_nordic__nrfx.a(nrfx_rramc.c.obj)
                0x0000000000005d76                nrfx_rramc_write_enable_set
 .text.z_impl_k_busy_wait
                0x0000000000005d7c        0x8 zephyr/kernel/libkernel.a(busy_wait.c.obj)
                0x0000000000005d7c                z_impl_k_busy_wait
 .text.do_device_init
                0x0000000000005d84       0x30 zephyr/kernel/libkernel.a(device.c.obj)
                0x0000000000005d84                do_device_init
 .text.z_impl_device_is_ready
                0x0000000000005db4       0x16 zephyr/kernel/libkernel.a(device.c.obj)
                0x0000000000005db4                z_impl_device_is_ready
 .text.arch_system_halt
                0x0000000000005dca       0x10 zephyr/kernel/libkernel.a(fatal.c.obj)
                0x0000000000005dca                arch_system_halt
 .text.k_sys_fatal_error_handler
                0x0000000000005dda        0x6 zephyr/kernel/libkernel.a(fatal.c.obj)
                0x0000000000005dda                k_sys_fatal_error_handler
 .text.idle     0x0000000000005de0       0x16 zephyr/kernel/libkernel.a(idle.c.obj)
                0x0000000000005de0                idle
 .text.adjust_owner_prio.isra.0
                0x0000000000005df6       0x10 zephyr/kernel/libkernel.a(mutex.c.obj)
 .text.k_is_in_isr
                0x0000000000005e06        0xc zephyr/kernel/libkernel.a(thread.c.obj)
                0x0000000000005e06                k_is_in_isr
 .text.sys_dlist_remove
                0x0000000000005e12       0x10 zephyr/kernel/libkernel.a(sched.c.obj)
 .text.unpend_thread_no_timeout
                0x0000000000005e22       0x14 zephyr/kernel/libkernel.a(sched.c.obj)
 .text.add_to_waitq_locked
                0x0000000000005e36       0x50 zephyr/kernel/libkernel.a(sched.c.obj)
 .text.z_ready_thread
                0x0000000000005e86       0x1e zephyr/kernel/libkernel.a(sched.c.obj)
                0x0000000000005e86                z_ready_thread
 .text.z_sched_wake_thread
                0x0000000000005ea4       0x46 zephyr/kernel/libkernel.a(sched.c.obj)
                0x0000000000005ea4                z_sched_wake_thread
 .text.z_thread_timeout
                0x0000000000005eea        0x8 zephyr/kernel/libkernel.a(sched.c.obj)
                0x0000000000005eea                z_thread_timeout
 .text.z_impl_k_usleep
                0x0000000000005ef2       0x1a zephyr/kernel/libkernel.a(sched.c.obj)
                0x0000000000005ef2                z_impl_k_usleep
 .text.z_sched_waitq_walk
                0x0000000000005f0c       0x44 zephyr/kernel/libkernel.a(sched.c.obj)
                0x0000000000005f0c                z_sched_waitq_walk
 .text.next_timeout
                0x0000000000005f50       0x2e zephyr/kernel/libkernel.a(timeout.c.obj)
 .text.z_abort_timeout
                0x0000000000005f7e       0x50 zephyr/kernel/libkernel.a(timeout.c.obj)
                0x0000000000005f7e                z_abort_timeout
 .text.sys_clock_tick_get_32
                0x0000000000005fce        0x8 zephyr/kernel/libkernel.a(timeout.c.obj)
                0x0000000000005fce                sys_clock_tick_get_32
 .text.psa_remove_key_data_from_memory
                0x0000000000005fd6       0x16 modules/nrf/subsys/nrf_security/src/core/nrf_oberon/libpsa_core.a(psa_crypto.c.obj)
                0x0000000000005fd6                psa_remove_key_data_from_memory
 .text.psa_wipe_key_slot
                0x0000000000005fec       0x3a modules/nrf/subsys/nrf_security/src/core/nrf_oberon/libpsa_core.a(psa_crypto.c.obj)
                0x0000000000005fec                psa_wipe_key_slot
 .text.psa_driver_wrapper_init
                0x0000000000006026        0x4 modules/nrf/subsys/nrf_security/src/core/nrf_oberon/libpsa_core.a(psa_crypto_driver_wrappers.c.obj)
                0x0000000000006026                psa_driver_wrapper_init
 .text.psa_driver_wrapper_free
                0x000000000000602a        0x2 modules/nrf/subsys/nrf_security/src/core/nrf_oberon/libpsa_core.a(psa_crypto_driver_wrappers.c.obj)
                0x000000000000602a                psa_driver_wrapper_free
 .text.psa_driver_wrapper_init_random
                0x000000000000602c        0x4 modules/nrf/subsys/nrf_security/src/core/nrf_oberon/libpsa_core.a(psa_crypto_driver_wrappers.c.obj)
                0x000000000000602c                psa_driver_wrapper_init_random
 .text.psa_driver_wrapper_free_random
                0x0000000000006030        0x4 modules/nrf/subsys/nrf_security/src/core/nrf_oberon/libpsa_core.a(psa_crypto_driver_wrappers.c.obj)
                0x0000000000006030                psa_driver_wrapper_free_random
 .text.platform_free_uninit
                0x0000000000006034        0x2 modules/nrf/subsys/nrf_security/src/core/nrf_oberon/libpsa_core.a(platform.c.obj)
 .text.mbedtls_zeroize_and_free
                0x0000000000006036       0x14 modules/nrf/subsys/nrf_security/src/core/nrf_oberon/libpsa_core.a(platform_util.c.obj)
                0x0000000000006036                mbedtls_zeroize_and_free
 .text.silex_statuscodes_to_psa
                0x000000000000604a       0xbc modules/nrf/subsys/nrf_security/src/drivers/cracen/libcracen_psa_driver.a(common.c.obj)
                0x000000000000604a                silex_statuscodes_to_psa
 .text.cracen_xorbytes
                0x0000000000006106       0x1a modules/nrf/subsys/nrf_security/src/drivers/cracen/libcracen_psa_driver.a(common.c.obj)
                0x0000000000006106                cracen_xorbytes
 .text.cracen_be_add
                0x0000000000006120       0x14 modules/nrf/subsys/nrf_security/src/drivers/cracen/libcracen_psa_driver.a(common.c.obj)
                0x0000000000006120                cracen_be_add
 .text.safe_memset
                0x0000000000006134       0x16 modules/nrf/subsys/nrf_security/src/drivers/cracen/libcracen_psa_driver.a(mem_helpers.c.obj)
                0x0000000000006134                safe_memset
 .text.safe_memzero
                0x000000000000614a       0x18 modules/nrf/subsys/nrf_security/src/drivers/cracen/libcracen_psa_driver.a(mem_helpers.c.obj)
                0x000000000000614a                safe_memzero
 .text.psa_extend_key_usage_flags
                0x0000000000006162       0x1a modules/nrf/subsys/nrf_security/src/drivers/cracen/libcracen_psa_driver.a(ctr_drbg.c.obj)
 .text.trng_get_entropy
                0x000000000000617c       0x50 modules/nrf/subsys/nrf_security/src/drivers/cracen/libcracen_psa_driver.a(ctr_drbg.c.obj)
 .text.lib_kmu_is_slot_empty
                0x00000000000061cc       0x14 modules/nrf/subsys/nrf_security/src/drivers/cracen/libcracen_psa_driver.a(lib_kmu.c.obj)
                0x00000000000061cc                lib_kmu_is_slot_empty
 .text.psa_set_key_usage_flags
                0x00000000000061e0       0x14 modules/nrf/subsys/nrf_security/src/drivers/cracen/libcracen_psa_driver.a(kmu.c.obj)
 .text.set_provisioning_in_progress
                0x00000000000061f4       0x30 modules/nrf/subsys/nrf_security/src/drivers/cracen/libcracen_psa_driver.a(kmu.c.obj)
 .text.clean_up_unfinished_provisioning
                0x0000000000006224       0x46 modules/nrf/subsys/nrf_security/src/drivers/cracen/libcracen_psa_driver.a(kmu.c.obj)
 .text.cracen_push_prot_ram_inv_slots
                0x000000000000626a       0x2e modules/nrf/subsys/nrf_security/src/drivers/cracen/libcracen_psa_driver.a(kmu.c.obj)
                0x000000000000626a                cracen_push_prot_ram_inv_slots
 .text.sx_cmdma_reset
                0x0000000000006298       0x4a modules/nrf/subsys/nrf_security/src/drivers/cracen/libcracen_psa_driver.a(cmdma.c.obj)
                0x0000000000006298                sx_cmdma_reset
 .text.sx_cmdma_check
                0x00000000000062e2       0x4e modules/nrf/subsys/nrf_security/src/drivers/cracen/libcracen_psa_driver.a(cmdma.c.obj)
                0x00000000000062e2                sx_cmdma_check
 .text.sx_trng_close
                0x0000000000006330       0x14 modules/nrf/subsys/nrf_security/src/drivers/cracen/libcracen_psa_driver.a(trng.c.obj)
                0x0000000000006330                sx_trng_close
 .text.sx_clear_interrupt
                0x0000000000006344        0x8 modules/nrf/subsys/nrf_security/src/drivers/cracen/libcracen_psa_driver.a(pk_baremetal.c.obj)
                0x0000000000006344                sx_clear_interrupt
 .text.convert_ba414_capabilities
                0x000000000000634c       0x4c modules/nrf/subsys/nrf_security/src/drivers/cracen/libcracen_psa_driver.a(ba414_status.c.obj)
                0x000000000000634c                convert_ba414_capabilities
 .text.mbedtls_mutex_unlock_fn
                0x0000000000006398        0x4 modules/nrf/subsys/nrf_security/src/libmbedcrypto_base.a(threading_alt.c.obj)
                0x0000000000006398                mbedtls_mutex_unlock_fn
 .text.mbedtls_mutex_lock_fn
                0x000000000000639c        0xc modules/nrf/subsys/nrf_security/src/libmbedcrypto_base.a(threading_alt.c.obj)
                0x000000000000639c                mbedtls_mutex_lock_fn
 .text.nrf_security_mutex_lock
                0x00000000000063a8        0xc modules/nrf/subsys/nrf_security/src/libnrf_security_utils.a(nrf_security_mutexes.c.obj)
                0x00000000000063a8                nrf_security_mutex_lock
 .text.nrf_security_mutex_unlock
                0x00000000000063b4        0x4 modules/nrf/subsys/nrf_security/src/libnrf_security_utils.a(nrf_security_mutexes.c.obj)
                0x00000000000063b4                nrf_security_mutex_unlock
 .text.nrf_security_event_init
                0x00000000000063b8        0x4 modules/nrf/subsys/nrf_security/src/libnrf_security_utils.a(nrf_security_events.c.obj)
                0x00000000000063b8                nrf_security_event_init
 .text.nrf_security_event_wait
                0x00000000000063bc       0x1a modules/nrf/subsys/nrf_security/src/libnrf_security_utils.a(nrf_security_events.c.obj)
                0x00000000000063bc                nrf_security_event_wait
 .text.nrf_security_event_clear
                0x00000000000063d6        0x4 modules/nrf/subsys/nrf_security/src/libnrf_security_utils.a(nrf_security_events.c.obj)
                0x00000000000063d6                nrf_security_event_clear
 .text.nrf_security_event_set
                0x00000000000063da        0x4 modules/nrf/subsys/nrf_security/src/libnrf_security_utils.a(nrf_security_events.c.obj)
                0x00000000000063da                nrf_security_event_set
 .text.nrf_security_core_delay_us
                0x00000000000063de        0x4 modules/nrf/subsys/nrf_security/src/libnrf_security_utils.a(nrf_security_core.c.obj)
                0x00000000000063de                nrf_security_core_delay_us
 .text.k_event_wait_internal
                0x00000000000063e2       0x86 zephyr/kernel/libkernel.a(events.c.obj)
 .text.event_walk_op
                0x0000000000006468       0x3c zephyr/kernel/libkernel.a(events.c.obj)
 .text.z_impl_k_event_init
                0x00000000000064a4        0xa zephyr/kernel/libkernel.a(events.c.obj)
                0x00000000000064a4                z_impl_k_event_init
 .text.z_impl_k_event_set
                0x00000000000064ae        0x8 zephyr/kernel/libkernel.a(events.c.obj)
                0x00000000000064ae                z_impl_k_event_set
 .text.z_impl_k_event_clear
                0x00000000000064b6        0x8 zephyr/kernel/libkernel.a(events.c.obj)
                0x00000000000064b6                z_impl_k_event_clear
 .text.z_impl_k_event_wait
                0x00000000000064be        0x6 zephyr/kernel/libkernel.a(events.c.obj)
                0x00000000000064be                z_impl_k_event_wait
 .text.memcpy   0x00000000000064c4       0x1a f:\back_git\mcu_git\atel-tracker.dalimcu\sdks\ncs\toolchains\66cdf9b75e\opt\zephyr-sdk\arm-zephyr-eabi\bin\../lib/gcc/../../picolibc/arm-zephyr-eabi/lib/thumb/v8-m.main/nofp\libc.a(memcpy.c.o)
                0x00000000000064c4                __aeabi_memcpy
                0x00000000000064c4                __aeabi_memcpy4
                0x00000000000064c4                __aeabi_memcpy8
                0x00000000000064c4                memcpy
 .text.memset   0x00000000000064de       0x10 f:\back_git\mcu_git\atel-tracker.dalimcu\sdks\ncs\toolchains\66cdf9b75e\opt\zephyr-sdk\arm-zephyr-eabi\bin\../lib/gcc/../../picolibc/arm-zephyr-eabi/lib/thumb/v8-m.main/nofp\libc.a(memset.c.o)
                0x00000000000064de                memset
 .text.strncpy  0x00000000000064ee       0x20 f:\back_git\mcu_git\atel-tracker.dalimcu\sdks\ncs\toolchains\66cdf9b75e\opt\zephyr-sdk\arm-zephyr-eabi\bin\../lib/gcc/../../picolibc/arm-zephyr-eabi/lib/thumb/v8-m.main/nofp\libc.a(libc_string_strncpy.c.o)
                0x00000000000064ee                strncpy
 .text.strnlen  0x000000000000650e       0x18 f:\back_git\mcu_git\atel-tracker.dalimcu\sdks\ncs\toolchains\66cdf9b75e\opt\zephyr-sdk\arm-zephyr-eabi\bin\../lib/gcc/../../picolibc/arm-zephyr-eabi/lib/thumb/v8-m.main/nofp\libc.a(libc_string_strnlen.c.o)
                0x000000000000650e                strnlen
 .text.__ultoa_invert
                0x0000000000006526       0xac f:\back_git\mcu_git\atel-tracker.dalimcu\sdks\ncs\toolchains\66cdf9b75e\opt\zephyr-sdk\arm-zephyr-eabi\bin\../lib/gcc/../../picolibc/arm-zephyr-eabi/lib/thumb/v8-m.main/nofp\libc.a(libc_tinystdio_vflprintf.c.o)
 *(SORT_BY_ALIGNMENT(.TEXT.*))
 *fill*         0x00000000000065d2        0x2 
 .TEXT.__aeabi_read_tp
                0x00000000000065d4        0xc zephyr/arch/arch/arm/core/cortex_m/libarch__arm__core__cortex_m.a(__aeabi_read_tp.S.obj)
                0x00000000000065d4                __aeabi_read_tp
 *(SORT_BY_ALIGNMENT(.gnu.linkonce.t.*))
 *(SORT_BY_ALIGNMENT(.glue_7t))
 .glue_7t       0x00000000000065e0        0x0 linker stubs
 *(SORT_BY_ALIGNMENT(.glue_7))
 .glue_7        0x00000000000065e0        0x0 linker stubs
 *(SORT_BY_ALIGNMENT(.vfp11_veneer))
 .vfp11_veneer  0x00000000000065e0        0x0 linker stubs
 *(SORT_BY_ALIGNMENT(.v4_bx))
 .v4_bx         0x00000000000065e0        0x0 linker stubs
                0x00000000000065e0                . = ALIGN (0x4)
                0x00000000000065e0                __text_region_end = .

.ARM.exidx      0x00000000000065e0        0x8
                0x00000000000065e0                __exidx_start = .
 *(SORT_BY_ALIGNMENT(.ARM.exidx*) SORT_BY_ALIGNMENT(gnu.linkonce.armexidx.*))
 .ARM.exidx     0x00000000000065e0        0x8 f:/back_git/mcu_git/atel-tracker.dalimcu/sdks/ncs/toolchains/66cdf9b75e/opt/zephyr-sdk/arm-zephyr-eabi/bin/../lib/gcc/arm-zephyr-eabi/12.2.0/thumb/v8-m.main/nofp\libgcc.a(_udivmoddi4.o)
                0x00000000000065e8                __exidx_end = .
                0x00000000000065e8                __rodata_region_start = .

initlevel       0x00000000000065e8       0x58
                0x00000000000065e8                __init_start = .
                0x00000000000065e8                __init_EARLY_start = .
 *(SORT_BY_NAME(SORT_BY_ALIGNMENT(.z_init_EARLY_P_?_*)))
 .z_init_EARLY_P_0_SUB_0_
                0x00000000000065e8        0x8 zephyr/drivers/timer/libdrivers__timer.a(nrf_grtc_timer.c.obj)
 *(SORT_BY_NAME(SORT_BY_ALIGNMENT(.z_init_EARLY_P_??_*)))
 *(SORT_BY_NAME(SORT_BY_ALIGNMENT(.z_init_EARLY_P_???_*)))
                0x00000000000065f0                __init_PRE_KERNEL_1_start = .
 *(SORT_BY_NAME(SORT_BY_ALIGNMENT(.z_init_PRE_KERNEL_1_P_?_*)))
 .z_init_PRE_KERNEL_1_P_0_SUB_0_
                0x00000000000065f0        0x8 zephyr/soc/soc/nrf54l15/libsoc__nordic.a(soc.c.obj)
 *(SORT_BY_NAME(SORT_BY_ALIGNMENT(.z_init_PRE_KERNEL_1_P_??_*)))
 .z_init_PRE_KERNEL_1_P_30_SUB_00058_
                0x00000000000065f8        0x8 zephyr/drivers/clock_control/libdrivers__clock_control.a(clock_control_nrf.c.obj)
 .z_init_PRE_KERNEL_1_P_40_SUB_00011_
                0x0000000000006600        0x8 zephyr/drivers/gpio/libdrivers__gpio.a(gpio_nrfx.c.obj)
 .z_init_PRE_KERNEL_1_P_40_SUB_00013_
                0x0000000000006608        0x8 zephyr/drivers/gpio/libdrivers__gpio.a(gpio_nrfx.c.obj)
 .z_init_PRE_KERNEL_1_P_40_SUB_00024_
                0x0000000000006610        0x8 zephyr/drivers/gpio/libdrivers__gpio.a(gpio_nrfx.c.obj)
 .z_init_PRE_KERNEL_1_P_50_SUB_00103_
                0x0000000000006618        0x8 zephyr/drivers/serial/libdrivers__serial.a(uart_nrfx_uarte.c.obj)
 .z_init_PRE_KERNEL_1_P_60_SUB_0_
                0x0000000000006620        0x8 zephyr/drivers/console/libdrivers__console.a(uart_console.c.obj)
 *(SORT_BY_NAME(SORT_BY_ALIGNMENT(.z_init_PRE_KERNEL_1_P_???_*)))
                0x0000000000006628                __init_PRE_KERNEL_2_start = .
 *(SORT_BY_NAME(SORT_BY_ALIGNMENT(.z_init_PRE_KERNEL_2_P_?_*)))
 .z_init_PRE_KERNEL_2_P_0_SUB_0_
                0x0000000000006628        0x8 zephyr/drivers/timer/libdrivers__timer.a(nrf_grtc_timer.c.obj)
 *(SORT_BY_NAME(SORT_BY_ALIGNMENT(.z_init_PRE_KERNEL_2_P_??_*)))
 *(SORT_BY_NAME(SORT_BY_ALIGNMENT(.z_init_PRE_KERNEL_2_P_???_*)))
                0x0000000000006630                __init_POST_KERNEL_start = .
 *(SORT_BY_NAME(SORT_BY_ALIGNMENT(.z_init_POST_KERNEL_P_?_*)))
 *(SORT_BY_NAME(SORT_BY_ALIGNMENT(.z_init_POST_KERNEL_P_??_*)))
 .z_init_POST_KERNEL_P_35_SUB_0_
                0x0000000000006630        0x8 zephyr/lib/libc/common/liblib__libc__common.a(malloc.c.obj)
 .z_init_POST_KERNEL_P_50_SUB_0_
                0x0000000000006638        0x8 modules/nrf/subsys/nrf_security/src/zephyr/libmbedtls_zephyr.a(psa_crypto_init.c.obj)
 *(SORT_BY_NAME(SORT_BY_ALIGNMENT(.z_init_POST_KERNEL_P_???_*)))
                0x0000000000006640                __init_APPLICATION_start = .
 *(SORT_BY_NAME(SORT_BY_ALIGNMENT(.z_init_APPLICATION_P_?_*)))
 *(SORT_BY_NAME(SORT_BY_ALIGNMENT(.z_init_APPLICATION_P_??_*)))
 *(SORT_BY_NAME(SORT_BY_ALIGNMENT(.z_init_APPLICATION_P_???_*)))
                0x0000000000006640                __init_SMP_start = .
 *(SORT_BY_NAME(SORT_BY_ALIGNMENT(.z_init_SMP_P_?_*)))
 *(SORT_BY_NAME(SORT_BY_ALIGNMENT(.z_init_SMP_P_??_*)))
 *(SORT_BY_NAME(SORT_BY_ALIGNMENT(.z_init_SMP_P_???_*)))
                0x0000000000006640                __init_end = .

device_area     0x0000000000006640       0xa0
                0x0000000000006640                _device_list_start = .
 *(SORT_BY_NAME(SORT_BY_ALIGNMENT(._device.static.*_?_*)))
 *(SORT_BY_NAME(SORT_BY_ALIGNMENT(._device.static.*_??_*)))
 ._device.static.1_30_
                0x0000000000006640       0x20 zephyr/drivers/clock_control/libdrivers__clock_control.a(clock_control_nrf.c.obj)
                0x0000000000006640                __device_dts_ord_58
 ._device.static.1_40_
                0x0000000000006660       0x60 zephyr/drivers/gpio/libdrivers__gpio.a(gpio_nrfx.c.obj)
                0x0000000000006660                __device_dts_ord_13
                0x0000000000006680                __device_dts_ord_11
                0x00000000000066a0                __device_dts_ord_24
 ._device.static.1_50_
                0x00000000000066c0       0x20 zephyr/drivers/serial/libdrivers__serial.a(uart_nrfx_uarte.c.obj)
                0x00000000000066c0                __device_dts_ord_103
 *(SORT_BY_NAME(SORT_BY_ALIGNMENT(._device.static.*_???_*)))
 *(SORT_BY_NAME(SORT_BY_ALIGNMENT(._device.static.*_????_*)))
 *(SORT_BY_NAME(SORT_BY_ALIGNMENT(._device.static.*_?????_*)))
                0x00000000000066e0                _device_list_end = .

sw_isr_table    0x00000000000066e0      0x878
                0x00000000000066e0                . = ALIGN (0x4)
 *(SORT_BY_ALIGNMENT(.gnu.linkonce.sw_isr_table*))
 .gnu.linkonce.sw_isr_table
                0x00000000000066e0      0x878 zephyr/CMakeFiles/zephyr_final.dir/isr_tables.c.obj
                0x00000000000066e0                _sw_isr_table

initlevel_error
                0x00000000000065e8        0x0
 *(SORT_BY_NAME(SORT_BY_ALIGNMENT(.z_init_*)))
                0x0000000000000001                ASSERT ((SIZEOF (initlevel_error) == 0x0), Undefined initialization levels used.)

app_shmem_regions
                0x0000000000006f58        0x0
                0x0000000000006f58                __app_shmem_regions_start = .
 *(SORT_BY_NAME(SORT_BY_ALIGNMENT(.app_regions.*)))
                0x0000000000006f58                __app_shmem_regions_end = .

k_p4wq_initparam_area
                0x0000000000006f58        0x0
                0x0000000000006f58                _k_p4wq_initparam_list_start = .
 *(SORT_BY_NAME(SORT_BY_ALIGNMENT(._k_p4wq_initparam.static.*)))
                0x0000000000006f58                _k_p4wq_initparam_list_end = .

_static_thread_data_area
                0x0000000000006f58        0x0
                0x0000000000006f58                __static_thread_data_list_start = .
 *(SORT_BY_NAME(SORT_BY_ALIGNMENT(.__static_thread_data.static.*)))
                0x0000000000006f58                __static_thread_data_list_end = .

device_deps     0x0000000000006f58        0x0
                0x0000000000006f58                __device_deps_start = .
 *(SORT_BY_NAME(SORT_BY_ALIGNMENT(.__device_deps_pass2*)))
                0x0000000000006f58                __device_deps_end = .

gpio_driver_api_area
                0x0000000000006f58       0x24
                0x0000000000006f58                _gpio_driver_api_list_start = .
 *(SORT_BY_NAME(SORT_BY_ALIGNMENT(._gpio_driver_api.static.*)))
 ._gpio_driver_api.static.gpio_nrfx_drv_api_funcs_
                0x0000000000006f58       0x24 zephyr/drivers/gpio/libdrivers__gpio.a(gpio_nrfx.c.obj)
                0x0000000000006f7c                _gpio_driver_api_list_end = .

shared_irq_driver_api_area
                0x0000000000006f7c        0x0
                0x0000000000006f7c                _shared_irq_driver_api_list_start = .
 *(SORT_BY_NAME(SORT_BY_ALIGNMENT(._shared_irq_driver_api.static.*)))
                0x0000000000006f7c                _shared_irq_driver_api_list_end = .

crypto_driver_api_area
                0x0000000000006f7c        0x0
                0x0000000000006f7c                _crypto_driver_api_list_start = .
 *(SORT_BY_NAME(SORT_BY_ALIGNMENT(._crypto_driver_api.static.*)))
                0x0000000000006f7c                _crypto_driver_api_list_end = .

adc_driver_api_area
                0x0000000000006f7c        0x0
                0x0000000000006f7c                _adc_driver_api_list_start = .
 *(SORT_BY_NAME(SORT_BY_ALIGNMENT(._adc_driver_api.static.*)))
                0x0000000000006f7c                _adc_driver_api_list_end = .

auxdisplay_driver_api_area
                0x0000000000006f7c        0x0
                0x0000000000006f7c                _auxdisplay_driver_api_list_start = .
 *(SORT_BY_NAME(SORT_BY_ALIGNMENT(._auxdisplay_driver_api.static.*)))
                0x0000000000006f7c                _auxdisplay_driver_api_list_end = .

bbram_driver_api_area
                0x0000000000006f7c        0x0
                0x0000000000006f7c                _bbram_driver_api_list_start = .
 *(SORT_BY_NAME(SORT_BY_ALIGNMENT(._bbram_driver_api.static.*)))
                0x0000000000006f7c                _bbram_driver_api_list_end = .

bt_hci_driver_api_area
                0x0000000000006f7c        0x0
                0x0000000000006f7c                _bt_hci_driver_api_list_start = .
 *(SORT_BY_NAME(SORT_BY_ALIGNMENT(._bt_hci_driver_api.static.*)))
                0x0000000000006f7c                _bt_hci_driver_api_list_end = .

can_driver_api_area
                0x0000000000006f7c        0x0
                0x0000000000006f7c                _can_driver_api_list_start = .
 *(SORT_BY_NAME(SORT_BY_ALIGNMENT(._can_driver_api.static.*)))
                0x0000000000006f7c                _can_driver_api_list_end = .

cellular_driver_api_area
                0x0000000000006f7c        0x0
                0x0000000000006f7c                _cellular_driver_api_list_start = .
 *(SORT_BY_NAME(SORT_BY_ALIGNMENT(._cellular_driver_api.static.*)))
                0x0000000000006f7c                _cellular_driver_api_list_end = .

charger_driver_api_area
                0x0000000000006f7c        0x0
                0x0000000000006f7c                _charger_driver_api_list_start = .
 *(SORT_BY_NAME(SORT_BY_ALIGNMENT(._charger_driver_api.static.*)))
                0x0000000000006f7c                _charger_driver_api_list_end = .

clock_control_driver_api_area
                0x0000000000006f7c       0x1c
                0x0000000000006f7c                _clock_control_driver_api_list_start = .
 *(SORT_BY_NAME(SORT_BY_ALIGNMENT(._clock_control_driver_api.static.*)))
 ._clock_control_driver_api.static.clock_control_api_
                0x0000000000006f7c       0x1c zephyr/drivers/clock_control/libdrivers__clock_control.a(clock_control_nrf.c.obj)
                0x0000000000006f98                _clock_control_driver_api_list_end = .

comparator_driver_api_area
                0x0000000000006f98        0x0
                0x0000000000006f98                _comparator_driver_api_list_start = .
 *(SORT_BY_NAME(SORT_BY_ALIGNMENT(._comparator_driver_api.static.*)))
                0x0000000000006f98                _comparator_driver_api_list_end = .

coredump_driver_api_area
                0x0000000000006f98        0x0
                0x0000000000006f98                _coredump_driver_api_list_start = .
 *(SORT_BY_NAME(SORT_BY_ALIGNMENT(._coredump_driver_api.static.*)))
                0x0000000000006f98                _coredump_driver_api_list_end = .

counter_driver_api_area
                0x0000000000006f98        0x0
                0x0000000000006f98                _counter_driver_api_list_start = .
 *(SORT_BY_NAME(SORT_BY_ALIGNMENT(._counter_driver_api.static.*)))
                0x0000000000006f98                _counter_driver_api_list_end = .

crc_driver_api_area
                0x0000000000006f98        0x0
                0x0000000000006f98                _crc_driver_api_list_start = .
 *(SORT_BY_NAME(SORT_BY_ALIGNMENT(._crc_driver_api.static.*)))
                0x0000000000006f98                _crc_driver_api_list_end = .

dac_driver_api_area
                0x0000000000006f98        0x0
                0x0000000000006f98                _dac_driver_api_list_start = .
 *(SORT_BY_NAME(SORT_BY_ALIGNMENT(._dac_driver_api.static.*)))
                0x0000000000006f98                _dac_driver_api_list_end = .

dai_driver_api_area
                0x0000000000006f98        0x0
                0x0000000000006f98                _dai_driver_api_list_start = .
 *(SORT_BY_NAME(SORT_BY_ALIGNMENT(._dai_driver_api.static.*)))
                0x0000000000006f98                _dai_driver_api_list_end = .

display_driver_api_area
                0x0000000000006f98        0x0
                0x0000000000006f98                _display_driver_api_list_start = .
 *(SORT_BY_NAME(SORT_BY_ALIGNMENT(._display_driver_api.static.*)))
                0x0000000000006f98                _display_driver_api_list_end = .

dma_driver_api_area
                0x0000000000006f98        0x0
                0x0000000000006f98                _dma_driver_api_list_start = .
 *(SORT_BY_NAME(SORT_BY_ALIGNMENT(._dma_driver_api.static.*)))
                0x0000000000006f98                _dma_driver_api_list_end = .

edac_driver_api_area
                0x0000000000006f98        0x0
                0x0000000000006f98                _edac_driver_api_list_start = .
 *(SORT_BY_NAME(SORT_BY_ALIGNMENT(._edac_driver_api.static.*)))
                0x0000000000006f98                _edac_driver_api_list_end = .

eeprom_driver_api_area
                0x0000000000006f98        0x0
                0x0000000000006f98                _eeprom_driver_api_list_start = .
 *(SORT_BY_NAME(SORT_BY_ALIGNMENT(._eeprom_driver_api.static.*)))
                0x0000000000006f98                _eeprom_driver_api_list_end = .

emul_bbram_driver_api_area
                0x0000000000006f98        0x0
                0x0000000000006f98                _emul_bbram_driver_api_list_start = .
 *(SORT_BY_NAME(SORT_BY_ALIGNMENT(._emul_bbram_driver_api.static.*)))
                0x0000000000006f98                _emul_bbram_driver_api_list_end = .

fuel_gauge_emul_driver_api_area
                0x0000000000006f98        0x0
                0x0000000000006f98                _fuel_gauge_emul_driver_api_list_start = .
 *(SORT_BY_NAME(SORT_BY_ALIGNMENT(._fuel_gauge_emul_driver_api.static.*)))
                0x0000000000006f98                _fuel_gauge_emul_driver_api_list_end = .

emul_sensor_driver_api_area
                0x0000000000006f98        0x0
                0x0000000000006f98                _emul_sensor_driver_api_list_start = .
 *(SORT_BY_NAME(SORT_BY_ALIGNMENT(._emul_sensor_driver_api.static.*)))
                0x0000000000006f98                _emul_sensor_driver_api_list_end = .

entropy_driver_api_area
                0x0000000000006f98        0x0
                0x0000000000006f98                _entropy_driver_api_list_start = .
 *(SORT_BY_NAME(SORT_BY_ALIGNMENT(._entropy_driver_api.static.*)))
                0x0000000000006f98                _entropy_driver_api_list_end = .

espi_driver_api_area
                0x0000000000006f98        0x0
                0x0000000000006f98                _espi_driver_api_list_start = .
 *(SORT_BY_NAME(SORT_BY_ALIGNMENT(._espi_driver_api.static.*)))
                0x0000000000006f98                _espi_driver_api_list_end = .

espi_saf_driver_api_area
                0x0000000000006f98        0x0
                0x0000000000006f98                _espi_saf_driver_api_list_start = .
 *(SORT_BY_NAME(SORT_BY_ALIGNMENT(._espi_saf_driver_api.static.*)))
                0x0000000000006f98                _espi_saf_driver_api_list_end = .

flash_driver_api_area
                0x0000000000006f98        0x0
                0x0000000000006f98                _flash_driver_api_list_start = .
 *(SORT_BY_NAME(SORT_BY_ALIGNMENT(._flash_driver_api.static.*)))
                0x0000000000006f98                _flash_driver_api_list_end = .

fpga_driver_api_area
                0x0000000000006f98        0x0
                0x0000000000006f98                _fpga_driver_api_list_start = .
 *(SORT_BY_NAME(SORT_BY_ALIGNMENT(._fpga_driver_api.static.*)))
                0x0000000000006f98                _fpga_driver_api_list_end = .

fuel_gauge_driver_api_area
                0x0000000000006f98        0x0
                0x0000000000006f98                _fuel_gauge_driver_api_list_start = .
 *(SORT_BY_NAME(SORT_BY_ALIGNMENT(._fuel_gauge_driver_api.static.*)))
                0x0000000000006f98                _fuel_gauge_driver_api_list_end = .

gnss_driver_api_area
                0x0000000000006f98        0x0
                0x0000000000006f98                _gnss_driver_api_list_start = .
 *(SORT_BY_NAME(SORT_BY_ALIGNMENT(._gnss_driver_api.static.*)))
                0x0000000000006f98                _gnss_driver_api_list_end = .

haptics_driver_api_area
                0x0000000000006f98        0x0
                0x0000000000006f98                _haptics_driver_api_list_start = .
 *(SORT_BY_NAME(SORT_BY_ALIGNMENT(._haptics_driver_api.static.*)))
                0x0000000000006f98                _haptics_driver_api_list_end = .

hwspinlock_driver_api_area
                0x0000000000006f98        0x0
                0x0000000000006f98                _hwspinlock_driver_api_list_start = .
 *(SORT_BY_NAME(SORT_BY_ALIGNMENT(._hwspinlock_driver_api.static.*)))
                0x0000000000006f98                _hwspinlock_driver_api_list_end = .

i2c_driver_api_area
                0x0000000000006f98        0x0
                0x0000000000006f98                _i2c_driver_api_list_start = .
 *(SORT_BY_NAME(SORT_BY_ALIGNMENT(._i2c_driver_api.static.*)))
                0x0000000000006f98                _i2c_driver_api_list_end = .

i2c_target_driver_api_area
                0x0000000000006f98        0x0
                0x0000000000006f98                _i2c_target_driver_api_list_start = .
 *(SORT_BY_NAME(SORT_BY_ALIGNMENT(._i2c_target_driver_api.static.*)))
                0x0000000000006f98                _i2c_target_driver_api_list_end = .

i2s_driver_api_area
                0x0000000000006f98        0x0
                0x0000000000006f98                _i2s_driver_api_list_start = .
 *(SORT_BY_NAME(SORT_BY_ALIGNMENT(._i2s_driver_api.static.*)))
                0x0000000000006f98                _i2s_driver_api_list_end = .

i3c_driver_api_area
                0x0000000000006f98        0x0
                0x0000000000006f98                _i3c_driver_api_list_start = .
 *(SORT_BY_NAME(SORT_BY_ALIGNMENT(._i3c_driver_api.static.*)))
                0x0000000000006f98                _i3c_driver_api_list_end = .

ipm_driver_api_area
                0x0000000000006f98        0x0
                0x0000000000006f98                _ipm_driver_api_list_start = .
 *(SORT_BY_NAME(SORT_BY_ALIGNMENT(._ipm_driver_api.static.*)))
                0x0000000000006f98                _ipm_driver_api_list_end = .

led_driver_api_area
                0x0000000000006f98        0x0
                0x0000000000006f98                _led_driver_api_list_start = .
 *(SORT_BY_NAME(SORT_BY_ALIGNMENT(._led_driver_api.static.*)))
                0x0000000000006f98                _led_driver_api_list_end = .

led_strip_driver_api_area
                0x0000000000006f98        0x0
                0x0000000000006f98                _led_strip_driver_api_list_start = .
 *(SORT_BY_NAME(SORT_BY_ALIGNMENT(._led_strip_driver_api.static.*)))
                0x0000000000006f98                _led_strip_driver_api_list_end = .

lora_driver_api_area
                0x0000000000006f98        0x0
                0x0000000000006f98                _lora_driver_api_list_start = .
 *(SORT_BY_NAME(SORT_BY_ALIGNMENT(._lora_driver_api.static.*)))
                0x0000000000006f98                _lora_driver_api_list_end = .

mbox_driver_api_area
                0x0000000000006f98        0x0
                0x0000000000006f98                _mbox_driver_api_list_start = .
 *(SORT_BY_NAME(SORT_BY_ALIGNMENT(._mbox_driver_api.static.*)))
                0x0000000000006f98                _mbox_driver_api_list_end = .

mdio_driver_api_area
                0x0000000000006f98        0x0
                0x0000000000006f98                _mdio_driver_api_list_start = .
 *(SORT_BY_NAME(SORT_BY_ALIGNMENT(._mdio_driver_api.static.*)))
                0x0000000000006f98                _mdio_driver_api_list_end = .

mipi_dbi_driver_api_area
                0x0000000000006f98        0x0
                0x0000000000006f98                _mipi_dbi_driver_api_list_start = .
 *(SORT_BY_NAME(SORT_BY_ALIGNMENT(._mipi_dbi_driver_api.static.*)))
                0x0000000000006f98                _mipi_dbi_driver_api_list_end = .

mipi_dsi_driver_api_area
                0x0000000000006f98        0x0
                0x0000000000006f98                _mipi_dsi_driver_api_list_start = .
 *(SORT_BY_NAME(SORT_BY_ALIGNMENT(._mipi_dsi_driver_api.static.*)))
                0x0000000000006f98                _mipi_dsi_driver_api_list_end = .

mspi_driver_api_area
                0x0000000000006f98        0x0
                0x0000000000006f98                _mspi_driver_api_list_start = .
 *(SORT_BY_NAME(SORT_BY_ALIGNMENT(._mspi_driver_api.static.*)))
                0x0000000000006f98                _mspi_driver_api_list_end = .

peci_driver_api_area
                0x0000000000006f98        0x0
                0x0000000000006f98                _peci_driver_api_list_start = .
 *(SORT_BY_NAME(SORT_BY_ALIGNMENT(._peci_driver_api.static.*)))
                0x0000000000006f98                _peci_driver_api_list_end = .

ps2_driver_api_area
                0x0000000000006f98        0x0
                0x0000000000006f98                _ps2_driver_api_list_start = .
 *(SORT_BY_NAME(SORT_BY_ALIGNMENT(._ps2_driver_api.static.*)))
                0x0000000000006f98                _ps2_driver_api_list_end = .

ptp_clock_driver_api_area
                0x0000000000006f98        0x0
                0x0000000000006f98                _ptp_clock_driver_api_list_start = .
 *(SORT_BY_NAME(SORT_BY_ALIGNMENT(._ptp_clock_driver_api.static.*)))
                0x0000000000006f98                _ptp_clock_driver_api_list_end = .

pwm_driver_api_area
                0x0000000000006f98        0x0
                0x0000000000006f98                _pwm_driver_api_list_start = .
 *(SORT_BY_NAME(SORT_BY_ALIGNMENT(._pwm_driver_api.static.*)))
                0x0000000000006f98                _pwm_driver_api_list_end = .

regulator_parent_driver_api_area
                0x0000000000006f98        0x0
                0x0000000000006f98                _regulator_parent_driver_api_list_start = .
 *(SORT_BY_NAME(SORT_BY_ALIGNMENT(._regulator_parent_driver_api.static.*)))
                0x0000000000006f98                _regulator_parent_driver_api_list_end = .

regulator_driver_api_area
                0x0000000000006f98        0x0
                0x0000000000006f98                _regulator_driver_api_list_start = .
 *(SORT_BY_NAME(SORT_BY_ALIGNMENT(._regulator_driver_api.static.*)))
                0x0000000000006f98                _regulator_driver_api_list_end = .

reset_driver_api_area
                0x0000000000006f98        0x0
                0x0000000000006f98                _reset_driver_api_list_start = .
 *(SORT_BY_NAME(SORT_BY_ALIGNMENT(._reset_driver_api.static.*)))
                0x0000000000006f98                _reset_driver_api_list_end = .

retained_mem_driver_api_area
                0x0000000000006f98        0x0
                0x0000000000006f98                _retained_mem_driver_api_list_start = .
 *(SORT_BY_NAME(SORT_BY_ALIGNMENT(._retained_mem_driver_api.static.*)))
                0x0000000000006f98                _retained_mem_driver_api_list_end = .

rtc_driver_api_area
                0x0000000000006f98        0x0
                0x0000000000006f98                _rtc_driver_api_list_start = .
 *(SORT_BY_NAME(SORT_BY_ALIGNMENT(._rtc_driver_api.static.*)))
                0x0000000000006f98                _rtc_driver_api_list_end = .

sdhc_driver_api_area
                0x0000000000006f98        0x0
                0x0000000000006f98                _sdhc_driver_api_list_start = .
 *(SORT_BY_NAME(SORT_BY_ALIGNMENT(._sdhc_driver_api.static.*)))
                0x0000000000006f98                _sdhc_driver_api_list_end = .

sensor_driver_api_area
                0x0000000000006f98        0x0
                0x0000000000006f98                _sensor_driver_api_list_start = .
 *(SORT_BY_NAME(SORT_BY_ALIGNMENT(._sensor_driver_api.static.*)))
                0x0000000000006f98                _sensor_driver_api_list_end = .

smbus_driver_api_area
                0x0000000000006f98        0x0
                0x0000000000006f98                _smbus_driver_api_list_start = .
 *(SORT_BY_NAME(SORT_BY_ALIGNMENT(._smbus_driver_api.static.*)))
                0x0000000000006f98                _smbus_driver_api_list_end = .

spi_driver_api_area
                0x0000000000006f98        0x0